# inc4: gradlew :servicios:nucleo-financiero:integrationTest --tests '*CU1*' BUILD SUCCESSFUL in 1m 6s (JAVA_TOOL_OPTIONS='-Xms32m -Xmx1g')
name="bo.aportaya.nucleofinanciero.CU10ConcurrenciaTest" tests="1" skipped="0" failures="0" errors="0"
name="bo.aportaya.nucleofinanciero.CU10DiscrepanciaTest" tests="8" skipped="0" failures="0" errors="0"
name="bo.aportaya.nucleofinanciero.CU10IdempotenciaTest" tests="6" skipped="0" failures="0" errors="0"
name="bo.aportaya.nucleofinanciero.CU10ProveedorTest" tests="6" skipped="0" failures="0" errors="0"
name="bo.aportaya.nucleofinanciero.CU10RechazosTest" tests="9" skipped="0" failures="0" errors="0"
name="bo.aportaya.nucleofinanciero.CU10ServidorRealTest" tests="8" skipped="0" failures="0" errors="0"
name="bo.aportaya.nucleofinanciero.CU10Test" tests="13" skipped="0" failures="0" errors="0"
name="bo.aportaya.nucleofinanciero.CU11IdempotenciaTest" tests="5" skipped="0" failures="0" errors="0"
name="bo.aportaya.nucleofinanciero.CU11ProveedorTest" tests="10" skipped="0" failures="0" errors="0"
name="bo.aportaya.nucleofinanciero.CU11RechazosTest" tests="14" skipped="0" failures="0" errors="0"
name="bo.aportaya.nucleofinanciero.CU11ServidorRealTest" tests="5" skipped="0" failures="0" errors="0"
name="bo.aportaya.nucleofinanciero.CU11Test" tests="11" skipped="0" failures="0" errors="0"
name="bo.aportaya.nucleofinanciero.CU12DobleGastoTest" tests="3" skipped="0" failures="0" errors="0"
name="bo.aportaya.nucleofinanciero.CU12IdempotenciaTest" tests="5" skipped="0" failures="0" errors="0"
name="bo.aportaya.nucleofinanciero.CU12RechazosTest" tests="11" skipped="0" failures="0" errors="0"
name="bo.aportaya.nucleofinanciero.CU12Test" tests="9" skipped="0" failures="0" errors="0"
name="bo.aportaya.nucleofinanciero.CU13IdempotenciaTest" tests="4" skipped="0" failures="0" errors="0"
name="bo.aportaya.nucleofinanciero.CU13RechazosTest" tests="6" skipped="0" failures="0" errors="0"
name="bo.aportaya.nucleofinanciero.CU13Test" tests="9" skipped="0" failures="0" errors="0"
name="bo.aportaya.nucleofinanciero.CU14RechazosTest" tests="6" skipped="0" failures="0" errors="0"
name="bo.aportaya.nucleofinanciero.CU14Test" tests="9" skipped="0" failures="0" errors="0"
name="bo.aportaya.nucleofinanciero.CU15RechazosTest" tests="3" skipped="0" failures="0" errors="0"
name="bo.aportaya.nucleofinanciero.CU15Test" tests="9" skipped="0" failures="0" errors="0"
name="bo.aportaya.nucleofinanciero.CU16RechazosTest" tests="5" skipped="0" failures="0" errors="0"
name="bo.aportaya.nucleofinanciero.CU16Test" tests="10" skipped="0" failures="0" errors="0"
name="bo.aportaya.nucleofinanciero.CU17RechazosTest" tests="4" skipped="0" failures="0" errors="0"
name="bo.aportaya.nucleofinanciero.CU17Test" tests="9" skipped="0" failures="0" errors="0"
# primera corrida de inc4: 2 fallos reales: (a) CU12 reintento concurrente -> uq_tx_idem violada (corregido con turno por clave); (b) CU14Test usaba como actor a un tercero para gastar una billetera ajena (la transferencia lo aceptaba: BOLA); corregido el actor del test al titular, aserciones intactas
