heavy.sh: candado tomado, libres 5279 MB -> bash -c ./gradlew.bat --max-workers=2 -Dorg.gradle.parallel=false -Dorg.gradle.jvmargs='-Xmx1536m -XX:MaxMetaspaceSize=512m' :servicios:nucleo-financiero:test :servicios:nucleo-financiero:webTest --continue --console=plain; ./gradlew.bat --stop
Picked up JAVA_TOOL_OPTIONS: -Xmx1g -XX:+UseSerialGC
Starting a Gradle Daemon, 1 busy and 1 incompatible Daemons could not be reused, use --status for details
> Task :buildSrc:checkKotlinGradlePluginConfigurationErrors SKIPPED
> Task :buildSrc:generateExternalPluginSpecBuilders UP-TO-DATE
> Task :buildSrc:extractPrecompiledScriptPluginPlugins UP-TO-DATE
> Task :buildSrc:compilePluginsBlocks UP-TO-DATE
> Task :buildSrc:generatePrecompiledScriptPluginAccessors UP-TO-DATE
> Task :buildSrc:generateScriptPluginAdapters UP-TO-DATE
> Task :buildSrc:compileKotlin UP-TO-DATE
> Task :buildSrc:compileJava NO-SOURCE
> Task :buildSrc:compileGroovy NO-SOURCE
> Task :buildSrc:pluginDescriptors UP-TO-DATE
> Task :buildSrc:processResources UP-TO-DATE
> Task :buildSrc:classes UP-TO-DATE
> Task :buildSrc:jar UP-TO-DATE
> Task :plataforma:comun-dominio:compileJava UP-TO-DATE
> Task :plataforma:comun-datos:compileJava UP-TO-DATE
> Task :plataforma:comun-datos:processResources UP-TO-DATE
> Task :plataforma:comun-datos:classes UP-TO-DATE
> Task :plataforma:comun-datos:jar UP-TO-DATE
> Task :plataforma:comun-dominio:processResources NO-SOURCE
> Task :plataforma:comun-dominio:classes UP-TO-DATE
> Task :plataforma:comun-dominio:jar UP-TO-DATE
> Task :plataforma:comun-mensajeria:compileJava UP-TO-DATE
> Task :plataforma:comun-mensajeria:processResources NO-SOURCE
> Task :plataforma:comun-mensajeria:classes UP-TO-DATE
> Task :plataforma:comun-mensajeria:jar UP-TO-DATE
> Task :plataforma:comun-pruebas:compileJava UP-TO-DATE
> Task :plataforma:comun-pruebas:processResources UP-TO-DATE
> Task :plataforma:comun-pruebas:classes UP-TO-DATE
> Task :plataforma:comun-pruebas:jar UP-TO-DATE
> Task :plataforma:comun-web:compileJava UP-TO-DATE
> Task :plataforma:comun-web:erroresCatalogo UP-TO-DATE
> Task :plataforma:comun-web:processResources UP-TO-DATE
> Task :plataforma:comun-web:classes UP-TO-DATE
> Task :plataforma:comun-web:jar UP-TO-DATE
> Task :plataforma:comun-web:compileTestFixturesJava UP-TO-DATE
> Task :plataforma:comun-web:processTestFixturesResources NO-SOURCE
> Task :plataforma:comun-web:testFixturesClasses UP-TO-DATE
> Task :plataforma:comun-web:testFixturesJar UP-TO-DATE
> Task :servicios:nucleo-financiero:generarServidorOpenApi UP-TO-DATE
> Task :servicios:nucleo-financiero:generateJooq UP-TO-DATE
> Task :servicios:nucleo-financiero:compileJava UP-TO-DATE
> Task :servicios:nucleo-financiero:processResources UP-TO-DATE
> Task :servicios:nucleo-financiero:classes UP-TO-DATE
> Task :servicios:nucleo-financiero:compileTestJava UP-TO-DATE
> Task :servicios:nucleo-financiero:processTestResources UP-TO-DATE
> Task :servicios:nucleo-financiero:testClasses UP-TO-DATE

> Task :servicios:nucleo-financiero:test
Picked up JAVA_TOOL_OPTIONS: -Xmx1g -XX:+UseSerialGC

> Task :servicios:nucleo-financiero:webTest
Picked up JAVA_TOOL_OPTIONS: -Xmx1g -XX:+UseSerialGC

CotizacionesWebTest > 400 sin clave, con clave que no es identificador, con operacion desconocida o con campos no declarados FAILED
    java.lang.AssertionError: Status expected:<400> but was:<500>
        at org.springframework.test.util.AssertionErrors.fail(AssertionErrors.java:61)
        at org.springframework.test.util.AssertionErrors.assertEquals(AssertionErrors.java:128)
        at org.springframework.test.web.servlet.result.StatusResultMatchers.lambda$matcher$9(StatusResultMatchers.java:640)
        at org.springframework.test.web.servlet.MockMvc$1.andExpect(MockMvc.java:214)
        at bo.aportaya.nucleofinanciero.web.CotizacionesWebTest.peticionInvalida(CotizacionesWebTest.java:166)

25 tests completed, 1 failed

> Task :servicios:nucleo-financiero:webTest FAILED

FAILURE: Build failed with an exception.

* What went wrong:
Execution failed for task ':servicios:nucleo-financiero:webTest'.
> There were failing tests. See the report at: file:///C:/Users/Usuario/Downloads/Entrypoint-GitHUb/Pasanaku/PasanakuBackend/servicios/nucleo-financiero/build/reports/tests/webTest/index.html

* Try:
> Run with --scan to get full insights from a Build Scan (powered by Develocity).

BUILD FAILED in 34s
33 actionable tasks: 2 executed, 31 up-to-date
Picked up JAVA_TOOL_OPTIONS: -Xmx1g -XX:+UseSerialGC
Stopping Daemon(s)
1 Daemon stopped
