test_concurrencia_tiene_una_operacion (herramientas.proveedor_simulado.test_proveedor.ProveedorTest.test_concurrencia_tiene_una_operacion) ... ok
test_control_reloj_sin_retroceso (herramientas.proveedor_simulado.test_proveedor.ProveedorTest.test_control_reloj_sin_retroceso) ... ok
test_estado_terminal_no_retrocede (herramientas.proveedor_simulado.test_proveedor.ProveedorTest.test_estado_terminal_no_retrocede) ... ok
test_firma_cubre_bytes_originales (herramientas.proveedor_simulado.test_proveedor.ProveedorTest.test_firma_cubre_bytes_originales) ... ok
test_historial_append_only (herramientas.proveedor_simulado.test_proveedor.ProveedorTest.test_historial_append_only) ... ok
test_http_separa_clave_operativa_y_control (herramientas.proveedor_simulado.test_proveedor.ProveedorTest.test_http_separa_clave_operativa_y_control) ... ok
test_idempotencia_no_acepta_otro_monto (herramientas.proveedor_simulado.test_proveedor.ProveedorTest.test_idempotencia_no_acepta_otro_monto) ... ok
test_montos_invalidos (herramientas.proveedor_simulado.test_proveedor.ProveedorTest.test_montos_invalidos) ... ok
test_no_confirma_al_solicitar (herramientas.proveedor_simulado.test_proveedor.ProveedorTest.test_no_confirma_al_solicitar) ... ok
test_persistencia_tras_reabrir (herramientas.proveedor_simulado.test_proveedor.ProveedorTest.test_persistencia_tras_reabrir) ... ok
test_respuesta_perdida_no_pierde_liquidacion (herramientas.proveedor_simulado.test_proveedor.ProveedorTest.test_respuesta_perdida_no_pierde_liquidacion) ... ok
test_tipos_compuestos_no_producen_error_interno (herramientas.proveedor_simulado.test_proveedor.ProveedorTest.test_tipos_compuestos_no_producen_error_interno) ... ok
test_campos_no_textuales_por_http_nunca_producen_error_interno (herramientas.proveedor_simulado.test_servidor_adverso.ServidorAdversoTest.test_campos_no_textuales_por_http_nunca_producen_error_interno) ... ok
test_conexion_lenta_no_retiene_el_hilo (herramientas.proveedor_simulado.test_servidor_adverso.ServidorAdversoTest.test_conexion_lenta_no_retiene_el_hilo) ... ok
test_content_length_enorme_sin_enviar_el_cuerpo_responde_413_sin_esperarlo (herramientas.proveedor_simulado.test_servidor_adverso.ServidorAdversoTest.test_content_length_enorme_sin_enviar_el_cuerpo_responde_413_sin_esperarlo) ... ok
test_content_length_invalido_o_ausente_responde_400 (herramientas.proveedor_simulado.test_servidor_adverso.ServidorAdversoTest.test_content_length_invalido_o_ausente_responde_400) ... ok
test_control_de_fallos_rechaza_valores_invalidos (herramientas.proveedor_simulado.test_servidor_adverso.ServidorAdversoTest.test_control_de_fallos_rechaza_valores_invalidos) ... ok
test_corte_antes_de_registrar_no_deja_operacion_y_el_reenvio_crea_una (herramientas.proveedor_simulado.test_servidor_adverso.ServidorAdversoTest.test_corte_antes_de_registrar_no_deja_operacion_y_el_reenvio_crea_una) ... ok
test_corte_despues_de_registrar_conserva_la_operacion_tras_reiniciar_el_proceso (herramientas.proveedor_simulado.test_servidor_adverso.ServidorAdversoTest.test_corte_despues_de_registrar_conserva_la_operacion_tras_reiniciar_el_proceso) ... ok
test_cuerpo_desmesurado_se_rechaza_con_413 (herramientas.proveedor_simulado.test_servidor_adverso.ServidorAdversoTest.test_cuerpo_desmesurado_se_rechaza_con_413) ... ok
test_el_fallo_armado_sobrevive_al_reinicio_y_se_consume_una_vez_por_corte (herramientas.proveedor_simulado.test_servidor_adverso.ServidorAdversoTest.test_el_fallo_armado_sobrevive_al_reinicio_y_se_consume_una_vez_por_corte) ... ok
test_el_resumen_de_control_cuenta_operaciones_y_exige_la_clave_de_control (herramientas.proveedor_simulado.test_servidor_adverso.ServidorAdversoTest.test_el_resumen_de_control_cuenta_operaciones_y_exige_la_clave_de_control) ... ok
test_json_hostil_recibe_400_y_el_servidor_sigue_vivo (herramientas.proveedor_simulado.test_servidor_adverso.ServidorAdversoTest.test_json_hostil_recibe_400_y_el_servidor_sigue_vivo) ... ok
test_liquidar_y_perder_deja_la_operacion_confirmada_y_el_reenvio_identico_devuelve_lo_mismo (herramientas.proveedor_simulado.test_servidor_adverso.ServidorAdversoTest.test_liquidar_y_perder_deja_la_operacion_confirmada_y_el_reenvio_identico_devuelve_lo_mismo) ... ok
test_referencias_invalidas_e_inexistentes (herramientas.proveedor_simulado.test_servidor_adverso.ServidorAdversoTest.test_referencias_invalidas_e_inexistentes) ... ok
test_sin_credencial_no_se_evalua_el_cuerpo (herramientas.proveedor_simulado.test_servidor_adverso.ServidorAdversoTest.test_sin_credencial_no_se_evalua_el_cuerpo) ... ok
test_tipo_de_contenido_distinto_de_json_responde_415 (herramientas.proveedor_simulado.test_servidor_adverso.ServidorAdversoTest.test_tipo_de_contenido_distinto_de_json_responde_415) ... ok

----------------------------------------------------------------------
Ran 27 tests in 11.185s

OK
