test: suites=7 tests=40 skipped=0 failures=0 errors=0
webTest: suites=6 tests=25 skipped=0 failures=0 errors=0
integrationTest: suites=40 tests=278 skipped=0 failures=0 errors=0
testBarrido: suites=1 tests=2 skipped=0 failures=0 errors=0
CU10ConcurrenciaTest 1 fallos 0
CU10CotizacionTest 11 fallos 0
CU10DiscrepanciaTest 8 fallos 0
CU10IdempotenciaTest 6 fallos 0
CU10ProveedorTest 6 fallos 0
CU10RechazosTest 9 fallos 0
CU10ServidorRealTest 8 fallos 0
CU10Test 13 fallos 0
CU11IdempotenciaTest 5 fallos 0
CU11ProveedorTest 10 fallos 0
CU11RechazosTest 14 fallos 0
CU11ServidorRealTest 5 fallos 0
CU11Test 11 fallos 0
CU12DobleGastoTest 3 fallos 0
CU12IdempotenciaTest 5 fallos 0
CU12QrRechazosTest 6 fallos 0
CU12QrTest 5 fallos 0
CU12RechazosTest 11 fallos 0
CU12Test 9 fallos 0
CU13IdempotenciaTest 4 fallos 0
CU13RechazosTest 6 fallos 0
CU13Test 9 fallos 0
CU14CargosTest 4 fallos 0
CU14RechazosTest 6 fallos 0
CU14Test 9 fallos 0
