[candado:pesado] tomado tras 0s
> Task :buildSrc:checkKotlinGradlePluginConfigurationErrors SKIPPED
> Task :buildSrc:generateExternalPluginSpecBuilders UP-TO-DATE
> Task :buildSrc:extractPrecompiledScriptPluginPlugins UP-TO-DATE
> Task :buildSrc:compilePluginsBlocks UP-TO-DATE
> Task :buildSrc:generatePrecompiledScriptPluginAccessors UP-TO-DATE
> Task :buildSrc:generateScriptPluginAdapters UP-TO-DATE
> Task :buildSrc:compileKotlin UP-TO-DATE
> Task :buildSrc:compileJava NO-SOURCE
> Task :buildSrc:compileGroovy NO-SOURCE
> Task :buildSrc:pluginDescriptors UP-TO-DATE
> Task :buildSrc:processResources UP-TO-DATE
> Task :buildSrc:classes UP-TO-DATE
> Task :buildSrc:jar UP-TO-DATE
> Task :plataforma:comun-dominio:compileJava UP-TO-DATE
> Task :plataforma:comun-datos:compileJava UP-TO-DATE
> Task :plataforma:comun-datos:processResources UP-TO-DATE
> Task :plataforma:comun-datos:classes UP-TO-DATE
> Task :plataforma:comun-datos:jar UP-TO-DATE
> Task :plataforma:comun-dominio:processResources NO-SOURCE
> Task :plataforma:comun-dominio:classes UP-TO-DATE
> Task :plataforma:comun-dominio:jar UP-TO-DATE
> Task :plataforma:comun-mensajeria:compileJava UP-TO-DATE
> Task :plataforma:comun-mensajeria:processResources NO-SOURCE
> Task :plataforma:comun-mensajeria:classes UP-TO-DATE
> Task :plataforma:comun-mensajeria:jar UP-TO-DATE
> Task :plataforma:comun-pruebas:compileJava UP-TO-DATE
> Task :plataforma:comun-pruebas:processResources UP-TO-DATE
> Task :plataforma:comun-pruebas:classes UP-TO-DATE
> Task :plataforma:comun-pruebas:jar UP-TO-DATE
> Task :plataforma:comun-web:compileJava UP-TO-DATE
> Task :plataforma:comun-web:erroresCatalogo UP-TO-DATE
> Task :plataforma:comun-web:processResources UP-TO-DATE
> Task :plataforma:comun-web:classes UP-TO-DATE
> Task :plataforma:comun-web:jar UP-TO-DATE
> Task :plataforma:comun-web:compileTestFixturesJava UP-TO-DATE
> Task :plataforma:comun-web:processTestFixturesResources NO-SOURCE
> Task :plataforma:comun-web:testFixturesClasses UP-TO-DATE
> Task :plataforma:comun-web:testFixturesJar UP-TO-DATE
> Task :servicios:garantia:generarServidorOpenApi UP-TO-DATE
> Task :servicios:garantia:generateJooq UP-TO-DATE
> Task :servicios:garantia:compileJava UP-TO-DATE
> Task :servicios:garantia:processResources UP-TO-DATE
> Task :servicios:garantia:classes UP-TO-DATE
> Task :servicios:garantia:compileTestJava UP-TO-DATE
> Task :servicios:garantia:processTestResources UP-TO-DATE
> Task :servicios:garantia:testClasses UP-TO-DATE
> Task :servicios:garantia:test

> Task :servicios:garantia:integrationTest

CU23CoberturaRespaldoTest > Dado pozo Bs 6.000 y Bs 5.000 confirmados · Cuando se cubre con la reserva · Entonces solicita Bs 1.000, queda aplicado con exposicion y responsable, y los asientos cuadran FAILED
    org.jooq.exception.IntegrityConstraintViolationException: SQL [INSERT INTO garantia.capacidad_respaldo
        (id, ambito, moneda, monto_tope, monto_comprometido, responsable_id, vigente_desde, version)
    SELECT gen_random_uuid(), 'GENERAL', 'BOB', 0, 0,
           (SELECT id FROM identidad.usuario LIMIT 1), now(), 0
    WHERE NOT EXISTS (SELECT 1 FROM garantia.capacidad_respaldo WHERE ambito = 'GENERAL' AND moneda = 'BOB')
    ]; ERROR: null value in column "responsable_id" of relation "capacidad_respaldo" violates not-null constraint
      Detail: Failing row contains (50ce9695-60aa-4504-bcd8-10ec846c84a2, GENERAL, BOB, 0.00, 0.00, null, 2026-10-08 12:18:08.521767-04, 0).
        at org.jooq_3.20.5.POSTGRES.debug(Unknown Source)
        at app//org.jooq.impl.Tools.translate(Tools.java:3664)
        at app//org.jooq.impl.Tools.translate(Tools.java:3654)
        at app//org.jooq.impl.DefaultExecuteContext.sqlException(DefaultExecuteContext.java:847)
        at app//org.jooq.impl.AbstractQuery.execute(AbstractQuery.java:363)
        at app//org.jooq.impl.DefaultDSLContext.execute(DefaultDSLContext.java:1112)
        at app//bo.aportaya.garantia.FixturaDeRespaldo.capacidad(FixturaDeRespaldo.java:32)
        at app//bo.aportaya.garantia.CU23CoberturaRespaldoTest.ejemploDelPlan(CU23CoberturaRespaldoTest.java:30)

        Caused by:
        org.postgresql.util.PSQLException: ERROR: null value in column "responsable_id" of relation "capacidad_respaldo" violates not-null constraint
          Detail: Failing row contains (50ce9695-60aa-4504-bcd8-10ec846c84a2, GENERAL, BOB, 0.00, 0.00, null, 2026-10-08 12:18:08.521767-04, 0).
            at app//org.postgresql.core.v3.QueryExecutorImpl.receiveErrorResponse(QueryExecutorImpl.java:2904)
            at app//org.postgresql.core.v3.QueryExecutorImpl.processResults(QueryExecutorImpl.java:2589)
            at app//org.postgresql.core.v3.QueryExecutorImpl.execute(QueryExecutorImpl.java:431)
            at app//org.postgresql.jdbc.PgStatement.executeInternal(PgStatement.java:534)
            at app//org.postgresql.jdbc.PgStatement.execute(PgStatement.java:437)
            at app//org.postgresql.jdbc.PgPreparedStatement.executeWithFlags(PgPreparedStatement.java:196)
            at app//org.postgresql.jdbc.PgPreparedStatement.execute(PgPreparedStatement.java:182)
            at app//org.jooq.tools.jdbc.DefaultPreparedStatement.execute(DefaultPreparedStatement.java:219)
            at app//org.jooq.impl.AbstractQuery.execute(AbstractQuery.java:459)
            at app//org.jooq.impl.AbstractQuery.execute(AbstractQuery.java:349)
            ... 3 more

CU23CoberturaRespaldoTest > Dado un faltante exactamente igual a lo disponible · Cuando se cubre · Entonces cubre (limite) y el siguiente centavo ya no FAILED
    org.jooq.exception.IntegrityConstraintViolationException: SQL [INSERT INTO garantia.capacidad_respaldo
        (id, ambito, moneda, monto_tope, monto_comprometido, responsable_id, vigente_desde, version)
    SELECT gen_random_uuid(), 'GENERAL', 'BOB', 0, 0,
           (SELECT id FROM identidad.usuario LIMIT 1), now(), 0
    WHERE NOT EXISTS (SELECT 1 FROM garantia.capacidad_respaldo WHERE ambito = 'GENERAL' AND moneda = 'BOB')
    ]; ERROR: null value in column "responsable_id" of relation "capacidad_respaldo" violates not-null constraint
      Detail: Failing row contains (096791b5-efcc-43fa-8d5e-44682d073d3c, GENERAL, BOB, 0.00, 0.00, null, 2026-10-08 12:18:08.752778-04, 0).
        at org.jooq_3.20.5.POSTGRES.debug(Unknown Source)
        at app//org.jooq.impl.Tools.translate(Tools.java:3664)
        at app//org.jooq.impl.Tools.translate(Tools.java:3654)
        at app//org.jooq.impl.DefaultExecuteContext.sqlException(DefaultExecuteContext.java:847)
        at app//org.jooq.impl.AbstractQuery.execute(AbstractQuery.java:363)
        at app//org.jooq.impl.DefaultDSLContext.execute(DefaultDSLContext.java:1112)
        at app//bo.aportaya.garantia.FixturaDeRespaldo.capacidad(FixturaDeRespaldo.java:32)
        at app//bo.aportaya.garantia.CU23CoberturaRespaldoTest.limiteExacto(CU23CoberturaRespaldoTest.java:175)

        Caused by:
        org.postgresql.util.PSQLException: ERROR: null value in column "responsable_id" of relation "capacidad_respaldo" violates not-null constraint
          Detail: Failing row contains (096791b5-efcc-43fa-8d5e-44682d073d3c, GENERAL, BOB, 0.00, 0.00, null, 2026-10-08 12:18:08.752778-04, 0).
            at app//org.postgresql.core.v3.QueryExecutorImpl.receiveErrorResponse(QueryExecutorImpl.java:2904)
            at app//org.postgresql.core.v3.QueryExecutorImpl.processResults(QueryExecutorImpl.java:2589)
            at app//org.postgresql.core.v3.QueryExecutorImpl.execute(QueryExecutorImpl.java:431)
            at app//org.postgresql.jdbc.PgStatement.executeInternal(PgStatement.java:534)
            at app//org.postgresql.jdbc.PgStatement.execute(PgStatement.java:437)
            at app//org.postgresql.jdbc.PgPreparedStatement.executeWithFlags(PgPreparedStatement.java:196)
            at app//org.postgresql.jdbc.PgPreparedStatement.execute(PgPreparedStatement.java:182)
            at app//org.jooq.tools.jdbc.DefaultPreparedStatement.execute(DefaultPreparedStatement.java:219)
            at app//org.jooq.impl.AbstractQuery.execute(AbstractQuery.java:459)
            at app//org.jooq.impl.AbstractQuery.execute(AbstractQuery.java:349)
            ... 3 more

CU23CoberturaRespaldoTest > Dado un grupo sin reserva vigente · Cuando se cubre · Entonces SIN_RESERVA y no se escribe ninguna cobertura FAILED
    org.jooq.exception.IntegrityConstraintViolationException: SQL [INSERT INTO garantia.capacidad_respaldo
        (id, ambito, moneda, monto_tope, monto_comprometido, responsable_id, vigente_desde, version)
    SELECT gen_random_uuid(), 'GENERAL', 'BOB', 0, 0,
           (SELECT id FROM identidad.usuario LIMIT 1), now(), 0
    WHERE NOT EXISTS (SELECT 1 FROM garantia.capacidad_respaldo WHERE ambito = 'GENERAL' AND moneda = 'BOB')
    ]; ERROR: null value in column "responsable_id" of relation "capacidad_respaldo" violates not-null constraint
      Detail: Failing row contains (f3fef0d5-370d-4334-b720-45f7251c3903, GENERAL, BOB, 0.00, 0.00, null, 2026-10-08 12:18:08.935356-04, 0).
        at org.jooq_3.20.5.POSTGRES.debug(Unknown Source)
        at app//org.jooq.impl.Tools.translate(Tools.java:3664)
        at app//org.jooq.impl.Tools.translate(Tools.java:3654)
        at app//org.jooq.impl.DefaultExecuteContext.sqlException(DefaultExecuteContext.java:847)
        at app//org.jooq.impl.AbstractQuery.execute(AbstractQuery.java:363)
        at app//org.jooq.impl.DefaultDSLContext.execute(DefaultDSLContext.java:1112)
        at app//bo.aportaya.garantia.FixturaDeRespaldo.capacidad(FixturaDeRespaldo.java:32)
        at app//bo.aportaya.garantia.CU23CoberturaRespaldoTest.sinReserva(CU23CoberturaRespaldoTest.java:159)

        Caused by:
        org.postgresql.util.PSQLException: ERROR: null value in column "responsable_id" of relation "capacidad_respaldo" violates not-null constraint
          Detail: Failing row contains (f3fef0d5-370d-4334-b720-45f7251c3903, GENERAL, BOB, 0.00, 0.00, null, 2026-10-08 12:18:08.935356-04, 0).
            at app//org.postgresql.core.v3.QueryExecutorImpl.receiveErrorResponse(QueryExecutorImpl.java:2904)
            at app//org.postgresql.core.v3.QueryExecutorImpl.processResults(QueryExecutorImpl.java:2589)
            at app//org.postgresql.core.v3.QueryExecutorImpl.execute(QueryExecutorImpl.java:431)
            at app//org.postgresql.jdbc.PgStatement.executeInternal(PgStatement.java:534)
            at app//org.postgresql.jdbc.PgStatement.execute(PgStatement.java:437)
            at app//org.postgresql.jdbc.PgPreparedStatement.executeWithFlags(PgPreparedStatement.java:196)
            at app//org.postgresql.jdbc.PgPreparedStatement.execute(PgPreparedStatement.java:182)
            at app//org.jooq.tools.jdbc.DefaultPreparedStatement.execute(DefaultPreparedStatement.java:219)
            at app//org.jooq.impl.AbstractQuery.execute(AbstractQuery.java:459)
            at app//org.jooq.impl.AbstractQuery.execute(AbstractQuery.java:349)
            ... 3 more

CU23CoberturaRespaldoTest > Dada una cobertura aplicada · Cuando se reversa · Entonces nace el movimiento y el asiento inverso, la reserva recupera su disponible y el turno puede cubrirse de nuevo FAILED
    org.jooq.exception.IntegrityConstraintViolationException: SQL [INSERT INTO garantia.capacidad_respaldo
        (id, ambito, moneda, monto_tope, monto_comprometido, responsable_id, vigente_desde, version)
    SELECT gen_random_uuid(), 'GENERAL', 'BOB', 0, 0,
           (SELECT id FROM identidad.usuario LIMIT 1), now(), 0
    WHERE NOT EXISTS (SELECT 1 FROM garantia.capacidad_respaldo WHERE ambito = 'GENERAL' AND moneda = 'BOB')
    ]; ERROR: null value in column "responsable_id" of relation "capacidad_respaldo" violates not-null constraint
      Detail: Failing row contains (6bf916cd-9878-4a10-80f2-c99a52257a0f, GENERAL, BOB, 0.00, 0.00, null, 2026-10-08 12:18:09.042516-04, 0).
        at org.jooq_3.20.5.POSTGRES.debug(Unknown Source)
        at app//org.jooq.impl.Tools.translate(Tools.java:3664)
        at app//org.jooq.impl.Tools.translate(Tools.java:3654)
        at app//org.jooq.impl.DefaultExecuteContext.sqlException(DefaultExecuteContext.java:847)
        at app//org.jooq.impl.AbstractQuery.execute(AbstractQuery.java:363)
        at app//org.jooq.impl.DefaultDSLContext.execute(DefaultDSLContext.java:1112)
        at app//bo.aportaya.garantia.FixturaDeRespaldo.capacidad(FixturaDeRespaldo.java:32)
        at app//bo.aportaya.garantia.CU23CoberturaRespaldoTest.reversaConContraAsiento(CU23CoberturaRespaldoTest.java:250)

        Caused by:
        org.postgresql.util.PSQLException: ERROR: null value in column "responsable_id" of relation "capacidad_respaldo" violates not-null constraint
          Detail: Failing row contains (6bf916cd-9878-4a10-80f2-c99a52257a0f, GENERAL, BOB, 0.00, 0.00, null, 2026-10-08 12:18:09.042516-04, 0).
            at app//org.postgresql.core.v3.QueryExecutorImpl.receiveErrorResponse(QueryExecutorImpl.java:2904)
            at app//org.postgresql.core.v3.QueryExecutorImpl.processResults(QueryExecutorImpl.java:2589)
            at app//org.postgresql.core.v3.QueryExecutorImpl.execute(QueryExecutorImpl.java:431)
            at app//org.postgresql.jdbc.PgStatement.executeInternal(PgStatement.java:534)
            at app//org.postgresql.jdbc.PgStatement.execute(PgStatement.java:437)
            at app//org.postgresql.jdbc.PgPreparedStatement.executeWithFlags(PgPreparedStatement.java:196)
            at app//org.postgresql.jdbc.PgPreparedStatement.execute(PgPreparedStatement.java:182)
            at app//org.jooq.tools.jdbc.DefaultPreparedStatement.execute(DefaultPreparedStatement.java:219)
            at app//org.jooq.impl.AbstractQuery.execute(AbstractQuery.java:459)
            at app//org.jooq.impl.AbstractQuery.execute(AbstractQuery.java:349)
            ... 3 more

CU23CoberturaRespaldoTest > Dado un turno ya cubierto · Cuando llega otro pedido del mismo turno con otra clave y el mismo faltante · Entonces devuelve la cobertura existente; con otro faltante se rechaza FAILED
    org.jooq.exception.IntegrityConstraintViolationException: SQL [INSERT INTO garantia.capacidad_respaldo
        (id, ambito, moneda, monto_tope, monto_comprometido, responsable_id, vigente_desde, version)
    SELECT gen_random_uuid(), 'GENERAL', 'BOB', 0, 0,
           (SELECT id FROM identidad.usuario LIMIT 1), now(), 0
    WHERE NOT EXISTS (SELECT 1 FROM garantia.capacidad_respaldo WHERE ambito = 'GENERAL' AND moneda = 'BOB')
    ]; ERROR: null value in column "responsable_id" of relation "capacidad_respaldo" violates not-null constraint
      Detail: Failing row contains (207c3983-79ae-4201-b132-75110110476a, GENERAL, BOB, 0.00, 0.00, null, 2026-10-08 12:18:09.150476-04, 0).
        at org.jooq_3.20.5.POSTGRES.debug(Unknown Source)
        at app//org.jooq.impl.Tools.translate(Tools.java:3664)
        at app//org.jooq.impl.Tools.translate(Tools.java:3654)
        at app//org.jooq.impl.DefaultExecuteContext.sqlException(DefaultExecuteContext.java:847)
        at app//org.jooq.impl.AbstractQuery.execute(AbstractQuery.java:363)
        at app//org.jooq.impl.DefaultDSLContext.execute(DefaultDSLContext.java:1112)
        at app//bo.aportaya.garantia.FixturaDeRespaldo.capacidad(FixturaDeRespaldo.java:32)
        at app//bo.aportaya.garantia.CU23CoberturaRespaldoTest.mismoTurnoOtraClave(CU23CoberturaRespaldoTest.java:89)

        Caused by:
        org.postgresql.util.PSQLException: ERROR: null value in column "responsable_id" of relation "capacidad_respaldo" violates not-null constraint
          Detail: Failing row contains (207c3983-79ae-4201-b132-75110110476a, GENERAL, BOB, 0.00, 0.00, null, 2026-10-08 12:18:09.150476-04, 0).
            at app//org.postgresql.core.v3.QueryExecutorImpl.receiveErrorResponse(QueryExecutorImpl.java:2904)
            at app//org.postgresql.core.v3.QueryExecutorImpl.processResults(QueryExecutorImpl.java:2589)
            at app//org.postgresql.core.v3.QueryExecutorImpl.execute(QueryExecutorImpl.java:431)
            at app//org.postgresql.jdbc.PgStatement.executeInternal(PgStatement.java:534)
            at app//org.postgresql.jdbc.PgStatement.execute(PgStatement.java:437)
            at app//org.postgresql.jdbc.PgPreparedStatement.executeWithFlags(PgPreparedStatement.java:196)
            at app//org.postgresql.jdbc.PgPreparedStatement.execute(PgPreparedStatement.java:182)
            at app//org.jooq.tools.jdbc.DefaultPreparedStatement.execute(DefaultPreparedStatement.java:219)
            at app//org.jooq.impl.AbstractQuery.execute(AbstractQuery.java:459)
            at app//org.jooq.impl.AbstractQuery.execute(AbstractQuery.java:349)
            ... 3 more

CU23CoberturaRespaldoTest > Dada una reserva de Bs 800 y un faltante de Bs 1.000 · Cuando se cubre · Entonces INSUFICIENTE, no se cubre nada, se emite el incidente y la reserva queda intacta FAILED
    org.jooq.exception.IntegrityConstraintViolationException: SQL [INSERT INTO garantia.capacidad_respaldo
        (id, ambito, moneda, monto_tope, monto_comprometido, responsable_id, vigente_desde, version)
    SELECT gen_random_uuid(), 'GENERAL', 'BOB', 0, 0,
           (SELECT id FROM identidad.usuario LIMIT 1), now(), 0
    WHERE NOT EXISTS (SELECT 1 FROM garantia.capacidad_respaldo WHERE ambito = 'GENERAL' AND moneda = 'BOB')
    ]; ERROR: null value in column "responsable_id" of relation "capacidad_respaldo" violates not-null constraint
      Detail: Failing row contains (a5014821-8193-454d-9541-cacfe3c29e97, GENERAL, BOB, 0.00, 0.00, null, 2026-10-08 12:18:09.254978-04, 0).
        at org.jooq_3.20.5.POSTGRES.debug(Unknown Source)
        at app//org.jooq.impl.Tools.translate(Tools.java:3664)
        at app//org.jooq.impl.Tools.translate(Tools.java:3654)
        at app//org.jooq.impl.DefaultExecuteContext.sqlException(DefaultExecuteContext.java:847)
        at app//org.jooq.impl.AbstractQuery.execute(AbstractQuery.java:363)
        at app//org.jooq.impl.DefaultDSLContext.execute(DefaultDSLContext.java:1112)
        at app//bo.aportaya.garantia.FixturaDeRespaldo.capacidad(FixturaDeRespaldo.java:32)
        at app//bo.aportaya.garantia.CU23CoberturaRespaldoTest.faltaExtraordinariaDeCaja(CU23CoberturaRespaldoTest.java:117)

        Caused by:
        org.postgresql.util.PSQLException: ERROR: null value in column "responsable_id" of relation "capacidad_respaldo" violates not-null constraint
          Detail: Failing row contains (a5014821-8193-454d-9541-cacfe3c29e97, GENERAL, BOB, 0.00, 0.00, null, 2026-10-08 12:18:09.254978-04, 0).
            at app//org.postgresql.core.v3.QueryExecutorImpl.receiveErrorResponse(QueryExecutorImpl.java:2904)
            at app//org.postgresql.core.v3.QueryExecutorImpl.processResults(QueryExecutorImpl.java:2589)
            at app//org.postgresql.core.v3.QueryExecutorImpl.execute(QueryExecutorImpl.java:431)
            at app//org.postgresql.jdbc.PgStatement.executeInternal(PgStatement.java:534)
            at app//org.postgresql.jdbc.PgStatement.execute(PgStatement.java:437)
            at app//org.postgresql.jdbc.PgPreparedStatement.executeWithFlags(PgPreparedStatement.java:196)
            at app//org.postgresql.jdbc.PgPreparedStatement.execute(PgPreparedStatement.java:182)
            at app//org.jooq.tools.jdbc.DefaultPreparedStatement.execute(DefaultPreparedStatement.java:219)
            at app//org.jooq.impl.AbstractQuery.execute(AbstractQuery.java:459)
            at app//org.jooq.impl.AbstractQuery.execute(AbstractQuery.java:349)
            ... 3 more

CU23CoberturaRespaldoTest > Dada una reserva y las lineas de la cobertura · Cuando alguien inserta una linea de mas por fuera del caso de uso · Entonces la base lo rechaza al confirmar (R-GAR-11) FAILED
    org.jooq.exception.IntegrityConstraintViolationException: SQL [INSERT INTO garantia.capacidad_respaldo
        (id, ambito, moneda, monto_tope, monto_comprometido, responsable_id, vigente_desde, version)
    SELECT gen_random_uuid(), 'GENERAL', 'BOB', 0, 0,
           (SELECT id FROM identidad.usuario LIMIT 1), now(), 0
    WHERE NOT EXISTS (SELECT 1 FROM garantia.capacidad_respaldo WHERE ambito = 'GENERAL' AND moneda = 'BOB')
    ]; ERROR: null value in column "responsable_id" of relation "capacidad_respaldo" violates not-null constraint
      Detail: Failing row contains (5f552339-bc5b-439b-aab9-81f97a3065a3, GENERAL, BOB, 0.00, 0.00, null, 2026-10-08 12:18:09.351305-04, 0).
        at org.jooq_3.20.5.POSTGRES.debug(Unknown Source)
        at app//org.jooq.impl.Tools.translate(Tools.java:3664)
        at app//org.jooq.impl.Tools.translate(Tools.java:3654)
        at app//org.jooq.impl.DefaultExecuteContext.sqlException(DefaultExecuteContext.java:847)
        at app//org.jooq.impl.AbstractQuery.execute(AbstractQuery.java:363)
        at app//org.jooq.impl.DefaultDSLContext.execute(DefaultDSLContext.java:1112)
        at app//bo.aportaya.garantia.FixturaDeRespaldo.capacidad(FixturaDeRespaldo.java:32)
        at app//bo.aportaya.garantia.CU23CoberturaRespaldoTest.labaseExigeQueLasLineasSumenElFaltante(CU23CoberturaRespaldoTest.java:280)

        Caused by:
        org.postgresql.util.PSQLException: ERROR: null value in column "responsable_id" of relation "capacidad_respaldo" violates not-null constraint
          Detail: Failing row contains (5f552339-bc5b-439b-aab9-81f97a3065a3, GENERAL, BOB, 0.00, 0.00, null, 2026-10-08 12:18:09.351305-04, 0).
            at app//org.postgresql.core.v3.QueryExecutorImpl.receiveErrorResponse(QueryExecutorImpl.java:2904)
            at app//org.postgresql.core.v3.QueryExecutorImpl.processResults(QueryExecutorImpl.java:2589)
            at app//org.postgresql.core.v3.QueryExecutorImpl.execute(QueryExecutorImpl.java:431)
            at app//org.postgresql.jdbc.PgStatement.executeInternal(PgStatement.java:534)
            at app//org.postgresql.jdbc.PgStatement.execute(PgStatement.java:437)
            at app//org.postgresql.jdbc.PgPreparedStatement.executeWithFlags(PgPreparedStatement.java:196)
            at app//org.postgresql.jdbc.PgPreparedStatement.execute(PgPreparedStatement.java:182)
            at app//org.jooq.tools.jdbc.DefaultPreparedStatement.execute(DefaultPreparedStatement.java:219)
            at app//org.jooq.impl.AbstractQuery.execute(AbstractQuery.java:459)
            at app//org.jooq.impl.AbstractQuery.execute(AbstractQuery.java:349)
            ... 3 more

CU23CoberturaRespaldoTest > Dado el mismo pedido dos veces · Cuando se cubre · Entonces hay una sola cobertura y un solo movimiento (idempotencia) FAILED
    org.jooq.exception.IntegrityConstraintViolationException: SQL [INSERT INTO garantia.capacidad_respaldo
        (id, ambito, moneda, monto_tope, monto_comprometido, responsable_id, vigente_desde, version)
    SELECT gen_random_uuid(), 'GENERAL', 'BOB', 0, 0,
           (SELECT id FROM identidad.usuario LIMIT 1), now(), 0
    WHERE NOT EXISTS (SELECT 1 FROM garantia.capacidad_respaldo WHERE ambito = 'GENERAL' AND moneda = 'BOB')
    ]; ERROR: null value in column "responsable_id" of relation "capacidad_respaldo" violates not-null constraint
      Detail: Failing row contains (d67aa949-4186-429e-b02b-c44f98c444a0, GENERAL, BOB, 0.00, 0.00, null, 2026-10-08 12:18:09.443517-04, 0).
        at org.jooq_3.20.5.POSTGRES.debug(Unknown Source)
        at app//org.jooq.impl.Tools.translate(Tools.java:3664)
        at app//org.jooq.impl.Tools.translate(Tools.java:3654)
        at app//org.jooq.impl.DefaultExecuteContext.sqlException(DefaultExecuteContext.java:847)
        at app//org.jooq.impl.AbstractQuery.execute(AbstractQuery.java:363)
        at app//org.jooq.impl.DefaultDSLContext.execute(DefaultDSLContext.java:1112)
        at app//bo.aportaya.garantia.FixturaDeRespaldo.capacidad(FixturaDeRespaldo.java:32)
        at app//bo.aportaya.garantia.CU23CoberturaRespaldoTest.idempotente(CU23CoberturaRespaldoTest.java:67)

        Caused by:
        org.postgresql.util.PSQLException: ERROR: null value in column "responsable_id" of relation "capacidad_respaldo" violates not-null constraint
          Detail: Failing row contains (d67aa949-4186-429e-b02b-c44f98c444a0, GENERAL, BOB, 0.00, 0.00, null, 2026-10-08 12:18:09.443517-04, 0).
            at app//org.postgresql.core.v3.QueryExecutorImpl.receiveErrorResponse(QueryExecutorImpl.java:2904)
            at app//org.postgresql.core.v3.QueryExecutorImpl.processResults(QueryExecutorImpl.java:2589)
            at app//org.postgresql.core.v3.QueryExecutorImpl.execute(QueryExecutorImpl.java:431)
            at app//org.postgresql.jdbc.PgStatement.executeInternal(PgStatement.java:534)
            at app//org.postgresql.jdbc.PgStatement.execute(PgStatement.java:437)
            at app//org.postgresql.jdbc.PgPreparedStatement.executeWithFlags(PgPreparedStatement.java:196)
            at app//org.postgresql.jdbc.PgPreparedStatement.execute(PgPreparedStatement.java:182)
            at app//org.jooq.tools.jdbc.DefaultPreparedStatement.execute(DefaultPreparedStatement.java:219)
            at app//org.jooq.impl.AbstractQuery.execute(AbstractQuery.java:459)
            at app//org.jooq.impl.AbstractQuery.execute(AbstractQuery.java:349)
            ... 3 more

CU23CoberturaRespaldoTest > Dada la contingencia (ampliacion de la reserva) tras un INSUFICIENTE · Cuando se reintenta con la misma clave · Entonces ahora se cubre, una sola vez FAILED
    org.jooq.exception.IntegrityConstraintViolationException: SQL [INSERT INTO garantia.capacidad_respaldo
        (id, ambito, moneda, monto_tope, monto_comprometido, responsable_id, vigente_desde, version)
    SELECT gen_random_uuid(), 'GENERAL', 'BOB', 0, 0,
           (SELECT id FROM identidad.usuario LIMIT 1), now(), 0
    WHERE NOT EXISTS (SELECT 1 FROM garantia.capacidad_respaldo WHERE ambito = 'GENERAL' AND moneda = 'BOB')
    ]; ERROR: null value in column "responsable_id" of relation "capacidad_respaldo" violates not-null constraint
      Detail: Failing row contains (dbdb1d1e-ad18-4e65-933a-3cc365b7b97a, GENERAL, BOB, 0.00, 0.00, null, 2026-10-08 12:18:09.537741-04, 0).
        at org.jooq_3.20.5.POSTGRES.debug(Unknown Source)
        at app//org.jooq.impl.Tools.translate(Tools.java:3664)
        at app//org.jooq.impl.Tools.translate(Tools.java:3654)
        at app//org.jooq.impl.DefaultExecuteContext.sqlException(DefaultExecuteContext.java:847)
        at app//org.jooq.impl.AbstractQuery.execute(AbstractQuery.java:363)
        at app//org.jooq.impl.DefaultDSLContext.execute(DefaultDSLContext.java:1112)
        at app//bo.aportaya.garantia.FixturaDeRespaldo.capacidad(FixturaDeRespaldo.java:32)
        at app//bo.aportaya.garantia.CU23CoberturaRespaldoTest.contingenciaYReintento(CU23CoberturaRespaldoTest.java:140)

        Caused by:
        org.postgresql.util.PSQLException: ERROR: null value in column "responsable_id" of relation "capacidad_respaldo" violates not-null constraint
          Detail: Failing row contains (dbdb1d1e-ad18-4e65-933a-3cc365b7b97a, GENERAL, BOB, 0.00, 0.00, null, 2026-10-08 12:18:09.537741-04, 0).
            at app//org.postgresql.core.v3.QueryExecutorImpl.receiveErrorResponse(QueryExecutorImpl.java:2904)
            at app//org.postgresql.core.v3.QueryExecutorImpl.processResults(QueryExecutorImpl.java:2589)
            at app//org.postgresql.core.v3.QueryExecutorImpl.execute(QueryExecutorImpl.java:431)
            at app//org.postgresql.jdbc.PgStatement.executeInternal(PgStatement.java:534)
            at app//org.postgresql.jdbc.PgStatement.execute(PgStatement.java:437)
            at app//org.postgresql.jdbc.PgPreparedStatement.executeWithFlags(PgPreparedStatement.java:196)
            at app//org.postgresql.jdbc.PgPreparedStatement.execute(PgPreparedStatement.java:182)
            at app//org.jooq.tools.jdbc.DefaultPreparedStatement.execute(DefaultPreparedStatement.java:219)
            at app//org.jooq.impl.AbstractQuery.execute(AbstractQuery.java:459)
            at app//org.jooq.impl.AbstractQuery.execute(AbstractQuery.java:349)
            ... 3 more

CU23CoberturaRespaldoTest > Dadas lineas que no suman el faltante, repetidas o con un faltante cero · Cuando se cubre · Entonces se rechaza AP-CU23-09 antes de escribir FAILED
    org.jooq.exception.IntegrityConstraintViolationException: SQL [INSERT INTO garantia.capacidad_respaldo
        (id, ambito, moneda, monto_tope, monto_comprometido, responsable_id, vigente_desde, version)
    SELECT gen_random_uuid(), 'GENERAL', 'BOB', 0, 0,
           (SELECT id FROM identidad.usuario LIMIT 1), now(), 0
    WHERE NOT EXISTS (SELECT 1 FROM garantia.capacidad_respaldo WHERE ambito = 'GENERAL' AND moneda = 'BOB')
    ]; ERROR: null value in column "responsable_id" of relation "capacidad_respaldo" violates not-null constraint
      Detail: Failing row contains (00eb1e67-2206-48fd-94b5-50da6d370bfe, GENERAL, BOB, 0.00, 0.00, null, 2026-10-08 12:18:09.627699-04, 0).
        at org.jooq_3.20.5.POSTGRES.debug(Unknown Source)
        at app//org.jooq.impl.Tools.translate(Tools.java:3664)
        at app//org.jooq.impl.Tools.translate(Tools.java:3654)
        at app//org.jooq.impl.DefaultExecuteContext.sqlException(DefaultExecuteContext.java:847)
        at app//org.jooq.impl.AbstractQuery.execute(AbstractQuery.java:363)
        at app//org.jooq.impl.DefaultDSLContext.execute(DefaultDSLContext.java:1112)
        at app//bo.aportaya.garantia.FixturaDeRespaldo.capacidad(FixturaDeRespaldo.java:32)
        at app//bo.aportaya.garantia.CU23CoberturaRespaldoTest.pedidosInvalidos(CU23CoberturaRespaldoTest.java:201)

        Caused by:
        org.postgresql.util.PSQLException: ERROR: null value in column "responsable_id" of relation "capacidad_respaldo" violates not-null constraint
          Detail: Failing row contains (00eb1e67-2206-48fd-94b5-50da6d370bfe, GENERAL, BOB, 0.00, 0.00, null, 2026-10-08 12:18:09.627699-04, 0).
            at app//org.postgresql.core.v3.QueryExecutorImpl.receiveErrorResponse(QueryExecutorImpl.java:2904)
            at app//org.postgresql.core.v3.QueryExecutorImpl.processResults(QueryExecutorImpl.java:2589)
            at app//org.postgresql.core.v3.QueryExecutorImpl.execute(QueryExecutorImpl.java:431)
            at app//org.postgresql.jdbc.PgStatement.executeInternal(PgStatement.java:534)
            at app//org.postgresql.jdbc.PgStatement.execute(PgStatement.java:437)
            at app//org.postgresql.jdbc.PgPreparedStatement.executeWithFlags(PgPreparedStatement.java:196)
            at app//org.postgresql.jdbc.PgPreparedStatement.execute(PgPreparedStatement.java:182)
            at app//org.jooq.tools.jdbc.DefaultPreparedStatement.execute(DefaultPreparedStatement.java:219)
            at app//org.jooq.impl.AbstractQuery.execute(AbstractQuery.java:459)
            at app//org.jooq.impl.AbstractQuery.execute(AbstractQuery.java:349)
            ... 3 more

CU23RespaldoConcurrenciaTest > Dos turnos de Bs 800 que pelean por una reserva de Bs 1.000 · Cuando cubren a la vez · Entonces uno se aplica y el otro queda INSUFICIENTE: nunca se gasta mas de lo reservado FAILED
    org.jooq.exception.IntegrityConstraintViolationException: SQL [INSERT INTO grupos.turno
        (id, grupo_id, periodo_id, cupo_id, orden_asignado, estado, criterio_asignacion,
         monto_estimado_cobro)
    VALUES (?, ?, ?, ?, ?, 'PROGRAMADO', 'SORTEO', 1500.00)
    ]; ERROR: duplicate key value violates unique constraint "uq_turno_periodo"
      Detail: Key (periodo_id)=(ab36f941-a3f6-464f-9419-09304e71af67) already exists.
        at org.jooq_3.20.5.POSTGRES.debug(Unknown Source)
        at app//org.jooq.impl.Tools.translate(Tools.java:3664)
        at app//org.jooq.impl.Tools.translate(Tools.java:3654)
        at app//org.jooq.impl.DefaultExecuteContext.sqlException(DefaultExecuteContext.java:847)
        at app//org.jooq.impl.AbstractQuery.execute(AbstractQuery.java:363)
        at app//org.jooq.impl.DefaultDSLContext.execute(DefaultDSLContext.java:1117)
        at app//bo.aportaya.garantia.FixturaDeRespaldo.turno(FixturaDeRespaldo.java:56)
        at app//bo.aportaya.garantia.CU23RespaldoConcurrenciaTest.dosTurnosPorLaMismaReserva(CU23RespaldoConcurrenciaTest.java:134)

        Caused by:
        org.postgresql.util.PSQLException: ERROR: duplicate key value violates unique constraint "uq_turno_periodo"
          Detail: Key (periodo_id)=(ab36f941-a3f6-464f-9419-09304e71af67) already exists.
            at app//org.postgresql.core.v3.QueryExecutorImpl.receiveErrorResponse(QueryExecutorImpl.java:2904)
            at app//org.postgresql.core.v3.QueryExecutorImpl.processResults(QueryExecutorImpl.java:2589)
            at app//org.postgresql.core.v3.QueryExecutorImpl.execute(QueryExecutorImpl.java:431)
            at app//org.postgresql.jdbc.PgStatement.executeInternal(PgStatement.java:534)
            at app//org.postgresql.jdbc.PgStatement.execute(PgStatement.java:437)
            at app//org.postgresql.jdbc.PgPreparedStatement.executeWithFlags(PgPreparedStatement.java:196)
            at app//org.postgresql.jdbc.PgPreparedStatement.execute(PgPreparedStatement.java:182)
            at app//org.jooq.tools.jdbc.DefaultPreparedStatement.execute(DefaultPreparedStatement.java:219)
            at app//org.jooq.impl.AbstractQuery.execute(AbstractQuery.java:459)
            at app//org.jooq.impl.AbstractQuery.execute(AbstractQuery.java:349)
            ... 3 more

47 tests completed, 11 failed

> Task :servicios:garantia:integrationTest FAILED

FAILURE: Build failed with an exception.

* What went wrong:
Execution failed for task ':servicios:garantia:integrationTest'.
> There were failing tests. See the report at: file:///C:/Users/Usuario/Downloads/Entrypoint-GitHUb/Pasanaku/PasanakuBackend/servicios/garantia/build/reports/tests/integrationTest/index.html

* Try:
> Run with --scan to get full insights from a Build Scan (powered by Develocity).

BUILD FAILED in 40s
33 actionable tasks: 2 executed, 31 up-to-date
