[candado:pesado] tomado tras 0s
> Task :buildSrc:checkKotlinGradlePluginConfigurationErrors SKIPPED
> Task :buildSrc:generateExternalPluginSpecBuilders UP-TO-DATE
> Task :buildSrc:extractPrecompiledScriptPluginPlugins UP-TO-DATE
> Task :buildSrc:compilePluginsBlocks UP-TO-DATE
> Task :buildSrc:generatePrecompiledScriptPluginAccessors UP-TO-DATE
> Task :buildSrc:generateScriptPluginAdapters UP-TO-DATE
> Task :buildSrc:compileKotlin UP-TO-DATE
> Task :buildSrc:compileJava NO-SOURCE
> Task :buildSrc:compileGroovy NO-SOURCE
> Task :buildSrc:pluginDescriptors UP-TO-DATE
> Task :buildSrc:processResources UP-TO-DATE
> Task :buildSrc:classes UP-TO-DATE
> Task :buildSrc:jar UP-TO-DATE
> Task :plataforma:comun-dominio:compileJava UP-TO-DATE
> Task :plataforma:comun-datos:compileJava UP-TO-DATE
> Task :plataforma:comun-datos:processResources UP-TO-DATE
> Task :plataforma:comun-datos:classes UP-TO-DATE
> Task :plataforma:comun-datos:jar UP-TO-DATE
> Task :plataforma:comun-dominio:processResources NO-SOURCE
> Task :plataforma:comun-dominio:classes UP-TO-DATE
> Task :plataforma:comun-dominio:jar UP-TO-DATE
> Task :plataforma:comun-mensajeria:compileJava UP-TO-DATE
> Task :plataforma:comun-mensajeria:processResources NO-SOURCE
> Task :plataforma:comun-mensajeria:classes UP-TO-DATE
> Task :plataforma:comun-mensajeria:jar UP-TO-DATE
> Task :plataforma:comun-pruebas:compileJava UP-TO-DATE
> Task :plataforma:comun-pruebas:processResources UP-TO-DATE
> Task :plataforma:comun-pruebas:classes UP-TO-DATE
> Task :plataforma:comun-pruebas:jar UP-TO-DATE
> Task :plataforma:comun-web:compileJava UP-TO-DATE
> Task :plataforma:comun-web:erroresCatalogo UP-TO-DATE
> Task :plataforma:comun-web:processResources UP-TO-DATE
> Task :plataforma:comun-web:classes UP-TO-DATE
> Task :plataforma:comun-web:jar UP-TO-DATE
> Task :plataforma:comun-web:compileTestFixturesJava UP-TO-DATE
> Task :plataforma:comun-web:processTestFixturesResources NO-SOURCE
> Task :plataforma:comun-web:testFixturesClasses UP-TO-DATE
> Task :plataforma:comun-web:testFixturesJar UP-TO-DATE
> Task :servicios:garantia:generarServidorOpenApi UP-TO-DATE
> Task :servicios:garantia:generateJooq UP-TO-DATE
> Task :servicios:garantia:compileJava
> Task :servicios:garantia:processResources UP-TO-DATE
> Task :servicios:garantia:classes
> Task :servicios:garantia:compileTestJava UP-TO-DATE
> Task :servicios:garantia:processTestResources UP-TO-DATE
> Task :servicios:garantia:testClasses UP-TO-DATE

> Task :servicios:garantia:integrationTest

CU23RespaldoConcurrenciaTest > Dados dos grupos que activan a la vez con capacidad para uno solo · Cuando reservan Bs 4.000 cada uno · Entonces uno obtiene la reserva y el otro recibe AP-CU23-05, sin sobreasignar (cinco rondas) FAILED
    org.opentest4j.AssertionFailedError: [ronda 0] 
    expected: 1L
     but was: 0L
        at app//bo.aportaya.garantia.CU23RespaldoConcurrenciaTest.dosGruposNoSobreasignan(CU23RespaldoConcurrenciaTest.java:87)

5 tests completed, 1 failed

> Task :servicios:garantia:integrationTest FAILED

FAILURE: Build failed with an exception.

* What went wrong:
Execution failed for task ':servicios:garantia:integrationTest'.
> There were failing tests. See the report at: file:///C:/Users/Usuario/Downloads/Entrypoint-GitHUb/Pasanaku/PasanakuBackend/servicios/garantia/build/reports/tests/integrationTest/index.html

* Try:
> Run with --scan to get full insights from a Build Scan (powered by Develocity).

BUILD FAILED in 23s
32 actionable tasks: 2 executed, 30 up-to-date
