[candado:pesado] esperando 60s...
[candado:pesado] esperando 120s...
[candado:pesado] esperando 180s...
[candado:pesado] esperando 240s...
[candado:pesado] esperando 300s...
[candado:pesado] esperando 360s...
[candado:pesado] esperando 420s...
[candado:pesado] esperando 480s...
[candado:pesado] tomado tras 515s
> Task :buildSrc:checkKotlinGradlePluginConfigurationErrors SKIPPED
> Task :buildSrc:generateExternalPluginSpecBuilders UP-TO-DATE
> Task :buildSrc:extractPrecompiledScriptPluginPlugins UP-TO-DATE
> Task :buildSrc:compilePluginsBlocks UP-TO-DATE
> Task :buildSrc:generatePrecompiledScriptPluginAccessors UP-TO-DATE
> Task :buildSrc:generateScriptPluginAdapters UP-TO-DATE
> Task :buildSrc:compileKotlin UP-TO-DATE
> Task :buildSrc:compileJava NO-SOURCE
> Task :buildSrc:compileGroovy NO-SOURCE
> Task :buildSrc:pluginDescriptors UP-TO-DATE
> Task :buildSrc:processResources UP-TO-DATE
> Task :buildSrc:classes UP-TO-DATE
> Task :buildSrc:jar UP-TO-DATE
> Task :spotlessInternalRegisterDependencies UP-TO-DATE
> Task :servicios:garantia:spotlessJava
> Task :servicios:garantia:spotlessJavaApply
> Task :servicios:garantia:spotlessKotlinGradle UP-TO-DATE
> Task :servicios:garantia:spotlessKotlinGradleApply UP-TO-DATE
> Task :servicios:garantia:spotlessApply
> Task :plataforma:comun-dominio:compileJava UP-TO-DATE
> Task :plataforma:comun-datos:compileJava UP-TO-DATE
> Task :plataforma:comun-datos:processResources UP-TO-DATE
> Task :plataforma:comun-datos:classes UP-TO-DATE
> Task :plataforma:comun-datos:jar UP-TO-DATE
> Task :plataforma:comun-dominio:processResources NO-SOURCE
> Task :plataforma:comun-dominio:classes UP-TO-DATE
> Task :plataforma:comun-dominio:jar UP-TO-DATE
> Task :plataforma:comun-mensajeria:compileJava UP-TO-DATE
> Task :plataforma:comun-mensajeria:processResources NO-SOURCE
> Task :plataforma:comun-mensajeria:classes UP-TO-DATE
> Task :plataforma:comun-mensajeria:jar UP-TO-DATE
> Task :plataforma:comun-pruebas:compileJava UP-TO-DATE
> Task :plataforma:comun-pruebas:processResources UP-TO-DATE
> Task :plataforma:comun-pruebas:classes UP-TO-DATE
> Task :plataforma:comun-pruebas:jar UP-TO-DATE
> Task :plataforma:comun-web:compileJava UP-TO-DATE
> Task :plataforma:comun-web:erroresCatalogo UP-TO-DATE
> Task :plataforma:comun-web:processResources UP-TO-DATE
> Task :plataforma:comun-web:classes UP-TO-DATE
> Task :plataforma:comun-web:jar UP-TO-DATE
> Task :plataforma:comun-web:compileTestFixturesJava UP-TO-DATE
> Task :plataforma:comun-web:processTestFixturesResources NO-SOURCE
> Task :plataforma:comun-web:testFixturesClasses UP-TO-DATE
> Task :plataforma:comun-web:testFixturesJar UP-TO-DATE

> Task :servicios:garantia:generarServidorOpenApi
OpenAPI 3.1 support is still in beta. To report an issue related to 3.1 spec, please kindly open an issue in the Github repo: https://github.com/openAPITools/openapi-generator.
OpenAPI 3.1 support is still in beta. To report an issue related to 3.1 spec, please kindly open an issue in the Github repo: https://github.com/openAPITools/openapi-generator.
############################################################################################
# Thanks for using OpenAPI Generator.                                                      #
# We appreciate your support! Please consider donation to help us maintain this project.   #
# https://opencollective.com/openapi_generator/donate                                      #
############################################################################################
Successfully generated code to C:\Users\Usuario\Downloads\Entrypoint-GitHUb\Pasanaku\PasanakuBackend\servicios\garantia\build\generated\openapi

> Task :servicios:garantia:generateJooq UP-TO-DATE

> Task :servicios:garantia:compileJava FAILED
C:\Users\Usuario\Downloads\Entrypoint-GitHUb\Pasanaku\PasanakuBackend\servicios\garantia\src\main\java\bo\aportaya\garantia\web\RespaldoController.java:7: error: cannot find symbol
import bo.aportaya.garantia.web.generado.RespaldoApi;
                                        ^
  symbol:   class RespaldoApi
  location: package bo.aportaya.garantia.web.generado
C:\Users\Usuario\Downloads\Entrypoint-GitHUb\Pasanaku\PasanakuBackend\servicios\garantia\src\main\java\bo\aportaya\garantia\web\RespaldoController.java:36: error: cannot find symbol
public class RespaldoController implements RespaldoApi {
                                           ^
  symbol: class RespaldoApi
C:\Users\Usuario\Downloads\Entrypoint-GitHUb\Pasanaku\PasanakuBackend\servicios\garantia\src\main\java\bo\aportaya\garantia\web\RespaldoController.java:57: error: method does not override or implement a method from a supertype
    @Override
    ^
C:\Users\Usuario\Downloads\Entrypoint-GitHUb\Pasanaku\PasanakuBackend\servicios\garantia\src\main\java\bo\aportaya\garantia\web\RespaldoController.java:80: error: method does not override or implement a method from a supertype
    @Override
    ^
C:\Users\Usuario\Downloads\Entrypoint-GitHUb\Pasanaku\PasanakuBackend\servicios\garantia\src\main\java\bo\aportaya\garantia\web\RespaldoController.java:100: error: method does not override or implement a method from a supertype
    @Override
    ^
C:\Users\Usuario\Downloads\Entrypoint-GitHUb\Pasanaku\PasanakuBackend\servicios\garantia\src\main\java\bo\aportaya\garantia\web\RespaldoController.java:114: error: method does not override or implement a method from a supertype
    @Override
    ^
C:\Users\Usuario\Downloads\Entrypoint-GitHUb\Pasanaku\PasanakuBackend\servicios\garantia\src\main\java\bo\aportaya\garantia\web\RespaldoController.java:149: error: method does not override or implement a method from a supertype
    @Override
    ^
C:\Users\Usuario\Downloads\Entrypoint-GitHUb\Pasanaku\PasanakuBackend\servicios\garantia\src\main\java\bo\aportaya\garantia\web\RespaldoController.java:163: error: method does not override or implement a method from a supertype
    @Override
    ^
8 errors

[Incubating] Problems report is available at: file:///C:/Users/Usuario/Downloads/Entrypoint-GitHUb/Pasanaku/PasanakuBackend/build/reports/problems/problems-report.html

FAILURE: Build failed with an exception.

* What went wrong:
Execution failed for task ':servicios:garantia:compileJava' (registered by plugin class 'org.gradle.api.plugins.JavaBasePlugin').
> Compilation failed; see the compiler output below.
  C:\Users\Usuario\Downloads\Entrypoint-GitHUb\Pasanaku\PasanakuBackend\servicios\garantia\src\main\java\bo\aportaya\garantia\web\RespaldoController.java:7: error: cannot find symbol
  import bo.aportaya.garantia.web.generado.RespaldoApi;
                                          ^
    symbol:   class RespaldoApi
    location: package bo.aportaya.garantia.web.generado
  C:\Users\Usuario\Downloads\Entrypoint-GitHUb\Pasanaku\PasanakuBackend\servicios\garantia\src\main\java\bo\aportaya\garantia\web\RespaldoController.java:57: error: method does not override or implement a method from a supertype
      @Override
      ^
  C:\Users\Usuario\Downloads\Entrypoint-GitHUb\Pasanaku\PasanakuBackend\servicios\garantia\src\main\java\bo\aportaya\garantia\web\RespaldoController.java:80: error: method does not override or implement a method from a supertype
      @Override
      ^
  C:\Users\Usuario\Downloads\Entrypoint-GitHUb\Pasanaku\PasanakuBackend\servicios\garantia\src\main\java\bo\aportaya\garantia\web\RespaldoController.java:100: error: method does not override or implement a method from a supertype
      @Override
      ^
  C:\Users\Usuario\Downloads\Entrypoint-GitHUb\Pasanaku\PasanakuBackend\servicios\garantia\src\main\java\bo\aportaya\garantia\web\RespaldoController.java:114: error: method does not override or implement a method from a supertype
      @Override
      ^
  C:\Users\Usuario\Downloads\Entrypoint-GitHUb\Pasanaku\PasanakuBackend\servicios\garantia\src\main\java\bo\aportaya\garantia\web\RespaldoController.java:149: error: method does not override or implement a method from a supertype
      @Override
      ^
  C:\Users\Usuario\Downloads\Entrypoint-GitHUb\Pasanaku\PasanakuBackend\servicios\garantia\src\main\java\bo\aportaya\garantia\web\RespaldoController.java:163: error: method does not override or implement a method from a supertype
      @Override
      ^
  C:\Users\Usuario\Downloads\Entrypoint-GitHUb\Pasanaku\PasanakuBackend\servicios\garantia\src\main\java\bo\aportaya\garantia\web\RespaldoController.java:36: error: cannot find symbol
  public class RespaldoController implements RespaldoApi {
                                             ^
    symbol: class RespaldoApi
  8 errors

* Try:
> Check your code and dependencies to fix the compilation error(s)
> Run with --scan to get full insights from a Build Scan (powered by Develocity).

BUILD FAILED in 6s
33 actionable tasks: 4 executed, 29 up-to-date
