[candado:pesado] tomado tras 20s
> Task :buildSrc:checkKotlinGradlePluginConfigurationErrors SKIPPED
> Task :buildSrc:generateExternalPluginSpecBuilders UP-TO-DATE
> Task :buildSrc:extractPrecompiledScriptPluginPlugins UP-TO-DATE
> Task :buildSrc:compilePluginsBlocks UP-TO-DATE
> Task :buildSrc:generatePrecompiledScriptPluginAccessors UP-TO-DATE
> Task :buildSrc:generateScriptPluginAdapters UP-TO-DATE
> Task :buildSrc:compileKotlin UP-TO-DATE
> Task :buildSrc:compileJava NO-SOURCE
> Task :buildSrc:compileGroovy NO-SOURCE
> Task :buildSrc:pluginDescriptors UP-TO-DATE
> Task :buildSrc:processResources UP-TO-DATE
> Task :buildSrc:classes UP-TO-DATE
> Task :buildSrc:jar UP-TO-DATE
> Task :spotlessInternalRegisterDependencies UP-TO-DATE
> Task :servicios:garantia:spotlessJava
> Task :servicios:garantia:spotlessJavaApply
> Task :servicios:garantia:spotlessKotlinGradle UP-TO-DATE
> Task :servicios:garantia:spotlessKotlinGradleApply UP-TO-DATE
> Task :servicios:garantia:spotlessApply
> Task :plataforma:comun-dominio:compileJava UP-TO-DATE
> Task :plataforma:comun-datos:compileJava UP-TO-DATE
> Task :plataforma:comun-datos:processResources UP-TO-DATE
> Task :plataforma:comun-datos:classes UP-TO-DATE
> Task :plataforma:comun-datos:jar UP-TO-DATE
> Task :plataforma:comun-dominio:processResources NO-SOURCE
> Task :plataforma:comun-dominio:classes UP-TO-DATE
> Task :plataforma:comun-dominio:jar UP-TO-DATE
> Task :plataforma:comun-mensajeria:compileJava UP-TO-DATE
> Task :plataforma:comun-mensajeria:processResources NO-SOURCE
> Task :plataforma:comun-mensajeria:classes UP-TO-DATE
> Task :plataforma:comun-mensajeria:jar UP-TO-DATE
> Task :plataforma:comun-pruebas:compileJava UP-TO-DATE
> Task :plataforma:comun-pruebas:processResources UP-TO-DATE
> Task :plataforma:comun-pruebas:classes UP-TO-DATE
> Task :plataforma:comun-pruebas:jar UP-TO-DATE
> Task :plataforma:comun-web:compileJava UP-TO-DATE
> Task :plataforma:comun-web:erroresCatalogo UP-TO-DATE
> Task :plataforma:comun-web:processResources UP-TO-DATE
> Task :plataforma:comun-web:classes UP-TO-DATE
> Task :plataforma:comun-web:jar UP-TO-DATE
> Task :plataforma:comun-web:compileTestFixturesJava UP-TO-DATE
> Task :plataforma:comun-web:processTestFixturesResources NO-SOURCE
> Task :plataforma:comun-web:testFixturesClasses UP-TO-DATE
> Task :plataforma:comun-web:testFixturesJar UP-TO-DATE
> Task :servicios:garantia:generarServidorOpenApi UP-TO-DATE
> Task :servicios:garantia:generateJooq UP-TO-DATE
> Task :servicios:garantia:compileJava UP-TO-DATE
> Task :servicios:garantia:processResources UP-TO-DATE
> Task :servicios:garantia:classes UP-TO-DATE
> Task :servicios:garantia:compileTestJava
> Task :servicios:garantia:processTestResources UP-TO-DATE
> Task :servicios:garantia:testClasses
> Task :servicios:garantia:test
> Task :servicios:garantia:webTest
> Task :servicios:garantia:integrationTest

> Task :servicios:aportes:generarServidorOpenApi
OpenAPI 3.1 support is still in beta. To report an issue related to 3.1 spec, please kindly open an issue in the Github repo: https://github.com/openAPITools/openapi-generator.
OpenAPI 3.1 support is still in beta. To report an issue related to 3.1 spec, please kindly open an issue in the Github repo: https://github.com/openAPITools/openapi-generator.
############################################################################################
# Thanks for using OpenAPI Generator.                                                      #
# We appreciate your support! Please consider donation to help us maintain this project.   #
# https://opencollective.com/openapi_generator/donate                                      #
############################################################################################
Successfully generated code to C:\Users\Usuario\Downloads\Entrypoint-GitHUb\Pasanaku\PasanakuBackend\servicios\aportes\build\generated\openapi

> Task :servicios:aportes:generateJooq UP-TO-DATE
> Task :servicios:aportes:compileJava
> Task :servicios:aportes:processResources
> Task :servicios:aportes:classes
> Task :servicios:aportes:compileTestJava
> Task :servicios:aportes:processTestResources UP-TO-DATE
> Task :servicios:aportes:testClasses
> Task :servicios:aportes:test
> Task :servicios:aportes:webTest
> Task :servicios:aportes:integrationTest

BUILD SUCCESSFUL in 1m 11s
48 actionable tasks: 13 executed, 35 up-to-date
Consider enabling configuration cache to speed up this build: https://docs.gradle.org/9.7.1/userguide/configuration_cache_enabling.html
