[candado:pesado] esperando 60s...
[candado:pesado] esperando 120s...
[candado:pesado] esperando 180s...
[candado:pesado] esperando 240s...
[candado:pesado] tomado tras 250s
> Task :buildSrc:checkKotlinGradlePluginConfigurationErrors SKIPPED
> Task :buildSrc:generateExternalPluginSpecBuilders UP-TO-DATE
> Task :buildSrc:extractPrecompiledScriptPluginPlugins UP-TO-DATE
> Task :buildSrc:compilePluginsBlocks UP-TO-DATE
> Task :buildSrc:generatePrecompiledScriptPluginAccessors UP-TO-DATE
> Task :buildSrc:generateScriptPluginAdapters UP-TO-DATE
> Task :buildSrc:compileKotlin UP-TO-DATE
> Task :buildSrc:compileJava NO-SOURCE
> Task :buildSrc:compileGroovy NO-SOURCE
> Task :buildSrc:pluginDescriptors UP-TO-DATE
> Task :buildSrc:processResources UP-TO-DATE
> Task :buildSrc:classes UP-TO-DATE
> Task :buildSrc:jar UP-TO-DATE
> Task :spotlessInternalRegisterDependencies UP-TO-DATE
> Task :servicios:entregas:spotlessJava
> Task :servicios:entregas:spotlessJavaApply
> Task :servicios:entregas:spotlessKotlinGradle UP-TO-DATE
> Task :servicios:entregas:spotlessKotlinGradleApply UP-TO-DATE
> Task :servicios:entregas:spotlessApply
> Task :plataforma:comun-dominio:compileJava UP-TO-DATE
> Task :plataforma:comun-datos:compileJava UP-TO-DATE
> Task :plataforma:comun-datos:processResources UP-TO-DATE
> Task :plataforma:comun-datos:classes UP-TO-DATE
> Task :plataforma:comun-datos:jar UP-TO-DATE
> Task :plataforma:comun-dominio:processResources NO-SOURCE
> Task :plataforma:comun-dominio:classes UP-TO-DATE
> Task :plataforma:comun-dominio:jar UP-TO-DATE
> Task :plataforma:comun-mensajeria:compileJava UP-TO-DATE
> Task :plataforma:comun-mensajeria:processResources NO-SOURCE
> Task :plataforma:comun-mensajeria:classes UP-TO-DATE
> Task :plataforma:comun-mensajeria:jar UP-TO-DATE
> Task :plataforma:comun-pruebas:compileJava UP-TO-DATE
> Task :plataforma:comun-pruebas:processResources UP-TO-DATE
> Task :plataforma:comun-pruebas:classes UP-TO-DATE
> Task :plataforma:comun-pruebas:jar UP-TO-DATE
> Task :plataforma:comun-web:compileJava UP-TO-DATE

> Task :plataforma:comun-web:erroresCatalogo
catalogo de errores: 244 restricciones -> 133 reglas · errores-restricciones.properties
mensajes de regla: 160 · errores-reglas.properties
  AVISO: 3 reglas con restriccion y sin fila en la boveda: R-BIL-21, R-BIL-22, R-UIF-13

> Task :plataforma:comun-web:processResources
> Task :plataforma:comun-web:classes
> Task :plataforma:comun-web:jar
> Task :plataforma:comun-web:compileTestFixturesJava UP-TO-DATE
> Task :plataforma:comun-web:processTestFixturesResources NO-SOURCE
> Task :plataforma:comun-web:testFixturesClasses UP-TO-DATE
> Task :plataforma:comun-web:testFixturesJar UP-TO-DATE
> Task :servicios:entregas:generarServidorOpenApi UP-TO-DATE
> Task :servicios:entregas:generateJooq UP-TO-DATE
> Task :servicios:entregas:compileJava
> Task :servicios:entregas:processResources UP-TO-DATE
> Task :servicios:entregas:classes
> Task :servicios:entregas:compileTestJava
> Task :servicios:entregas:processTestResources UP-TO-DATE
> Task :servicios:entregas:testClasses
> Task :servicios:entregas:test
> Task :servicios:entregas:webTest
> Task :servicios:entregas:integrationTest

2026-10-08T13:06:45.166-04:00  INFO 3208 --- [entregas] [ionShutdownHook] [                                                 ] o.s.b.w.e.tomcat.GracefulShutdown        : Commencing graceful shutdown. Waiting for active requests to complete
2026-10-08T13:06:45.172-04:00  INFO 3208 --- [entregas] [tomcat-shutdown] [                                                 ] o.s.b.w.e.tomcat.GracefulShutdown        : Graceful shutdown complete
2026-10-08T13:06:45.345-04:00  INFO 3208 --- [entregas] [ionShutdownHook] [                                                 ] com.zaxxer.hikari.HikariDataSource       : HikariPool-1 - Shutdown initiated...
2026-10-08T13:06:45.346-04:00  INFO 3208 --- [entregas] [ionShutdownHook] [                                                 ] com.zaxxer.hikari.HikariDataSource       : HikariPool-1 - Shutdown completed.

BUILD SUCCESSFUL in 56s
39 actionable tasks: 10 executed, 29 up-to-date
Consider enabling configuration cache to speed up this build: https://docs.gradle.org/9.7.1/userguide/configuration_cache_enabling.html
