[candado:pesado] tomado tras 15s
> Task :buildSrc:checkKotlinGradlePluginConfigurationErrors SKIPPED
> Task :buildSrc:generateExternalPluginSpecBuilders UP-TO-DATE
> Task :buildSrc:extractPrecompiledScriptPluginPlugins UP-TO-DATE
> Task :buildSrc:compilePluginsBlocks UP-TO-DATE
> Task :buildSrc:generatePrecompiledScriptPluginAccessors UP-TO-DATE
> Task :buildSrc:generateScriptPluginAdapters UP-TO-DATE
> Task :buildSrc:compileKotlin UP-TO-DATE
> Task :buildSrc:compileJava NO-SOURCE
> Task :buildSrc:compileGroovy NO-SOURCE
> Task :buildSrc:pluginDescriptors UP-TO-DATE
> Task :buildSrc:processResources UP-TO-DATE
> Task :buildSrc:classes UP-TO-DATE
> Task :buildSrc:jar UP-TO-DATE
> Task :spotlessInternalRegisterDependencies UP-TO-DATE
> Task :servicios:identidad:generarServidorOpenApi UP-TO-DATE
> Task :plataforma:comun-dominio:compileJava UP-TO-DATE
> Task :plataforma:comun-datos:compileJava UP-TO-DATE
> Task :plataforma:comun-pruebas:compileJava UP-TO-DATE
> Task :plataforma:comun-archivos:compileJava UP-TO-DATE
> Task :plataforma:comun-mensajeria:compileJava UP-TO-DATE
> Task :plataforma:comun-web:compileJava UP-TO-DATE
> Task :plataforma:comun-web:compileTestFixturesJava UP-TO-DATE
> Task :servicios:identidad:spotlessJava
> Task :servicios:identidad:spotlessJavaApply
> Task :servicios:identidad:spotlessKotlinGradle UP-TO-DATE
> Task :servicios:identidad:spotlessKotlinGradleApply UP-TO-DATE
> Task :servicios:identidad:spotlessApply
> Task :servicios:identidad:generateJooq UP-TO-DATE
> Task :servicios:identidad:compileJava UP-TO-DATE
> Task :servicios:identidad:processResources UP-TO-DATE
> Task :servicios:identidad:classes UP-TO-DATE

> Task :servicios:grupos:generarServidorOpenApi
OpenAPI 3.1 support is still in beta. To report an issue related to 3.1 spec, please kindly open an issue in the Github repo: https://github.com/openAPITools/openapi-generator.
OpenAPI 3.1 support is still in beta. To report an issue related to 3.1 spec, please kindly open an issue in the Github repo: https://github.com/openAPITools/openapi-generator.
############################################################################################
# Thanks for using OpenAPI Generator.                                                      #
# We appreciate your support! Please consider donation to help us maintain this project.   #
# https://opencollective.com/openapi_generator/donate                                      #
############################################################################################
Successfully generated code to C:\Users\Usuario\Downloads\Entrypoint-GitHUb\Pasanaku\PasanakuBackend\servicios\grupos\build\generated\openapi

> Task :servicios:grupos:spotlessJava
> Task :servicios:grupos:spotlessJavaApply
> Task :servicios:identidad:compileTestJava
> Task :servicios:grupos:spotlessKotlinGradle UP-TO-DATE
> Task :servicios:grupos:spotlessKotlinGradleApply UP-TO-DATE
> Task :servicios:grupos:spotlessApply
> Task :servicios:grupos:generateJooq UP-TO-DATE
> Task :servicios:grupos:compileJava
> Task :servicios:grupos:processResources
> Task :servicios:grupos:classes
> Task :servicios:grupos:compileTestJava

BUILD SUCCESSFUL in 12s
35 actionable tasks: 9 executed, 26 up-to-date
Consider enabling configuration cache to speed up this build: https://docs.gradle.org/9.7.1/userguide/configuration_cache_enabling.html
