[candado:pesado] esperando 60s...
[candado:pesado] esperando 120s...
[candado:pesado] tomado tras 145s
Picked up JAVA_TOOL_OPTIONS: -Xmx700m -XX:MaxMetaspaceSize=320m -XX:+UseSerialGC
> Task :buildSrc:checkKotlinGradlePluginConfigurationErrors SKIPPED
> Task :buildSrc:generateExternalPluginSpecBuilders UP-TO-DATE
> Task :buildSrc:extractPrecompiledScriptPluginPlugins UP-TO-DATE
> Task :buildSrc:compilePluginsBlocks UP-TO-DATE
> Task :buildSrc:generatePrecompiledScriptPluginAccessors UP-TO-DATE
> Task :buildSrc:generateScriptPluginAdapters UP-TO-DATE
> Task :buildSrc:compileKotlin UP-TO-DATE
> Task :buildSrc:compileJava NO-SOURCE
> Task :buildSrc:compileGroovy NO-SOURCE
> Task :buildSrc:pluginDescriptors UP-TO-DATE
> Task :buildSrc:processResources UP-TO-DATE
> Task :buildSrc:classes UP-TO-DATE
> Task :buildSrc:jar UP-TO-DATE
> Task :spotlessInternalRegisterDependencies UP-TO-DATE
> Task :servicios:grupos:spotlessJava
> Task :servicios:grupos:spotlessJavaApply
> Task :servicios:grupos:spotlessKotlinGradle UP-TO-DATE
> Task :servicios:grupos:spotlessKotlinGradleApply UP-TO-DATE
> Task :servicios:grupos:spotlessApply
> Task :plataforma:comun-dominio:compileJava UP-TO-DATE
> Task :plataforma:comun-datos:compileJava UP-TO-DATE
> Task :plataforma:comun-datos:processResources UP-TO-DATE
> Task :plataforma:comun-datos:classes UP-TO-DATE
> Task :plataforma:comun-datos:jar UP-TO-DATE
> Task :plataforma:comun-dominio:processResources NO-SOURCE
> Task :plataforma:comun-dominio:classes UP-TO-DATE
> Task :plataforma:comun-dominio:jar UP-TO-DATE
> Task :plataforma:comun-mensajeria:compileJava UP-TO-DATE
> Task :plataforma:comun-mensajeria:processResources NO-SOURCE
> Task :plataforma:comun-mensajeria:classes UP-TO-DATE
> Task :plataforma:comun-mensajeria:jar UP-TO-DATE
> Task :plataforma:comun-pruebas:compileJava UP-TO-DATE
> Task :plataforma:comun-pruebas:processResources UP-TO-DATE
> Task :plataforma:comun-pruebas:classes UP-TO-DATE
> Task :plataforma:comun-pruebas:jar UP-TO-DATE
> Task :plataforma:comun-web:compileJava UP-TO-DATE
> Task :plataforma:comun-web:erroresCatalogo UP-TO-DATE
> Task :plataforma:comun-web:processResources UP-TO-DATE
> Task :plataforma:comun-web:classes UP-TO-DATE
> Task :plataforma:comun-web:jar UP-TO-DATE
> Task :plataforma:comun-web:compileTestFixturesJava UP-TO-DATE
> Task :plataforma:comun-web:processTestFixturesResources NO-SOURCE
> Task :plataforma:comun-web:testFixturesClasses UP-TO-DATE
> Task :plataforma:comun-web:testFixturesJar UP-TO-DATE

> Task :servicios:grupos:generarServidorOpenApi
OpenAPI 3.1 support is still in beta. To report an issue related to 3.1 spec, please kindly open an issue in the Github repo: https://github.com/openAPITools/openapi-generator.
OpenAPI 3.1 support is still in beta. To report an issue related to 3.1 spec, please kindly open an issue in the Github repo: https://github.com/openAPITools/openapi-generator.
############################################################################################
# Thanks for using OpenAPI Generator.                                                      #
# We appreciate your support! Please consider donation to help us maintain this project.   #
# https://opencollective.com/openapi_generator/donate                                      #
############################################################################################
Successfully generated code to C:\Users\Usuario\Downloads\Entrypoint-GitHUb\Pasanaku\PasanakuBackend\servicios\grupos\build\generated\openapi

> Task :servicios:grupos:generateJooq UP-TO-DATE
> Task :servicios:grupos:compileJava
> Task :servicios:grupos:processResources
> Task :servicios:grupos:classes
> Task :servicios:grupos:compileTestJava
> Task :servicios:grupos:processTestResources UP-TO-DATE
> Task :servicios:grupos:testClasses

> Task :servicios:grupos:test
Picked up JAVA_TOOL_OPTIONS: -Xmx700m -XX:MaxMetaspaceSize=320m -XX:+UseSerialGC

SorteoDelGrupoTest > El que pierde la carrera (AP-CU60-07) recibe el resultado del que gano; cualquier otro error se propaga FAILED
    bo.aportaya.plataforma.dominio.ErrorDeNegocio: ya revelado
        at app//bo.aportaya.grupos.aplicacion.CU60Sortear.revelar(CU60Sortear.java:125)
        at app//bo.aportaya.grupos.web.SorteoDelGrupoTest.perderLaCarreraDevuelveElOriginal(SorteoDelGrupoTest.java:139)

10 tests completed, 1 failed

> Task :servicios:grupos:test FAILED

> Task :servicios:grupos:integrationTest
Picked up JAVA_TOOL_OPTIONS: -Xmx700m -XX:MaxMetaspaceSize=320m -XX:+UseSerialGC

2026-10-08T13:17:02.318-04:00  INFO 43600 --- [grupos] [ionShutdownHook] [                                                 ] o.s.b.w.e.tomcat.GracefulShutdown        : Commencing graceful shutdown. Waiting for active requests to complete
2026-10-08T13:17:02.325-04:00  INFO 43600 --- [grupos] [tomcat-shutdown] [                                                 ] o.s.b.w.e.tomcat.GracefulShutdown        : Graceful shutdown complete
2026-10-08T13:17:02.479-04:00  INFO 43600 --- [grupos] [ionShutdownHook] [                                                 ] com.zaxxer.hikari.HikariDataSource       : HikariPool-1 - Shutdown initiated...
2026-10-08T13:17:02.482-04:00  INFO 43600 --- [grupos] [ionShutdownHook] [                                                 ] com.zaxxer.hikari.HikariDataSource       : HikariPool-1 - Shutdown completed.

> Task :servicios:grupos:webTest
Picked up JAVA_TOOL_OPTIONS: -Xmx700m -XX:MaxMetaspaceSize=320m -XX:+UseSerialGC

> Task :servicios:grupos:testBarrido
Picked up JAVA_TOOL_OPTIONS: -Xmx700m -XX:MaxMetaspaceSize=320m -XX:+UseSerialGC

FAILURE: Build failed with an exception.

* What went wrong:
Execution failed for task ':servicios:grupos:test'.
> There were failing tests. See the report at: file:///C:/Users/Usuario/Downloads/Entrypoint-GitHUb/Pasanaku/PasanakuBackend/servicios/grupos/build/reports/tests/test/index.html

* Try:
> Run with --scan to get full insights from a Build Scan (powered by Develocity).

BUILD FAILED in 49s
40 actionable tasks: 10 executed, 30 up-to-date
