[candado:pesado] tomado tras 0s
> Task :servicios:identidad:compileTestJava
> Task :servicios:identidad:testClasses
> Task :servicios:identidad:integrationTest
> Task :servicios:identidad:webTest

> Task :servicios:identidad:testBarrido

BarridoTest > tamano-archivo: ningun archivo llega a 300 lineas FAILED
    java.lang.AssertionError: [tamano-archivo: 300 lineas o mas bloquean — son varias piezas que nadie separo] 
    Expecting empty but was: ["test\java\bo\aportaya\identidad\CU69EmisionYAuditoriaTest.java  306 lineas (limite 300)"]
        at bo.aportaya.plataforma.pruebas.barrido.Barrido.ningunArchivoBloquea(Barrido.java:46)
        at bo.aportaya.identidad.BarridoTest.ningunArchivoBloquea(BarridoTest.java:20)

2 tests completed, 1 failed

> Task :servicios:identidad:testBarrido FAILED

FAILURE: Build failed with an exception.

* What went wrong:
Execution failed for task ':servicios:identidad:testBarrido'.
> There were failing tests. See the report at: file:///C:/Users/Usuario/Downloads/Entrypoint-GitHUb/Pasanaku/PasanakuBackend/servicios/identidad/build/reports/tests/testBarrido/index.html

* Try:
> Run with --scan to get full insights from a Build Scan (powered by Develocity).

BUILD FAILED in 1m 5s
37 actionable tasks: 4 executed, 33 up-to-date
