[candado:pesado] tomado tras 25s
Picked up JAVA_TOOL_OPTIONS: -Xmx700m -XX:MaxMetaspaceSize=320m -XX:+UseSerialGC
> Task :buildSrc:checkKotlinGradlePluginConfigurationErrors SKIPPED
> Task :buildSrc:generateExternalPluginSpecBuilders UP-TO-DATE
> Task :buildSrc:extractPrecompiledScriptPluginPlugins UP-TO-DATE
> Task :buildSrc:compilePluginsBlocks UP-TO-DATE
> Task :buildSrc:generatePrecompiledScriptPluginAccessors UP-TO-DATE
> Task :buildSrc:generateScriptPluginAdapters UP-TO-DATE
> Task :buildSrc:compileKotlin UP-TO-DATE
> Task :buildSrc:compileJava NO-SOURCE
> Task :buildSrc:compileGroovy NO-SOURCE
> Task :buildSrc:pluginDescriptors UP-TO-DATE
> Task :buildSrc:processResources UP-TO-DATE
> Task :buildSrc:classes UP-TO-DATE
> Task :buildSrc:jar UP-TO-DATE
> Task :spotlessInternalRegisterDependencies UP-TO-DATE
> Task :servicios:organizador:spotlessJava
> Task :servicios:organizador:spotlessJavaApply
> Task :servicios:organizador:spotlessKotlinGradle UP-TO-DATE
> Task :servicios:organizador:spotlessKotlinGradleApply UP-TO-DATE
> Task :servicios:organizador:spotlessApply
> Task :plataforma:comun-dominio:compileJava UP-TO-DATE
> Task :plataforma:comun-datos:compileJava UP-TO-DATE
> Task :plataforma:comun-datos:processResources UP-TO-DATE
> Task :plataforma:comun-datos:classes UP-TO-DATE
> Task :plataforma:comun-datos:jar UP-TO-DATE
> Task :plataforma:comun-dominio:processResources NO-SOURCE
> Task :plataforma:comun-dominio:classes UP-TO-DATE
> Task :plataforma:comun-dominio:jar UP-TO-DATE
> Task :plataforma:comun-mensajeria:compileJava UP-TO-DATE
> Task :plataforma:comun-mensajeria:processResources NO-SOURCE
> Task :plataforma:comun-mensajeria:classes UP-TO-DATE
> Task :plataforma:comun-mensajeria:jar UP-TO-DATE
> Task :plataforma:comun-pruebas:compileJava UP-TO-DATE
> Task :plataforma:comun-pruebas:processResources UP-TO-DATE
> Task :plataforma:comun-pruebas:classes UP-TO-DATE
> Task :plataforma:comun-pruebas:jar UP-TO-DATE
> Task :plataforma:comun-web:compileJava UP-TO-DATE
> Task :plataforma:comun-web:erroresCatalogo UP-TO-DATE
> Task :plataforma:comun-web:processResources UP-TO-DATE
> Task :plataforma:comun-web:classes UP-TO-DATE
> Task :plataforma:comun-web:jar UP-TO-DATE
> Task :plataforma:comun-web:compileTestFixturesJava UP-TO-DATE
> Task :plataforma:comun-web:processTestFixturesResources NO-SOURCE
> Task :plataforma:comun-web:testFixturesClasses UP-TO-DATE
> Task :plataforma:comun-web:testFixturesJar UP-TO-DATE
> Task :servicios:organizador:generarServidorOpenApi UP-TO-DATE
> Task :servicios:organizador:generateJooq UP-TO-DATE
> Task :servicios:organizador:compileJava UP-TO-DATE
> Task :servicios:organizador:processResources UP-TO-DATE
> Task :servicios:organizador:classes UP-TO-DATE
> Task :servicios:organizador:compileTestJava
> Task :servicios:organizador:processTestResources UP-TO-DATE
> Task :servicios:organizador:testClasses

> Task :servicios:organizador:webTest
Picked up JAVA_TOOL_OPTIONS: -Xmx700m -XX:MaxMetaspaceSize=320m -XX:+UseSerialGC

> Task :servicios:organizador:testBarrido
Picked up JAVA_TOOL_OPTIONS: -Xmx700m -XX:MaxMetaspaceSize=320m -XX:+UseSerialGC

BUILD SUCCESSFUL in 12s
38 actionable tasks: 5 executed, 33 up-to-date
Consider enabling configuration cache to speed up this build: https://docs.gradle.org/9.7.1/userguide/configuration_cache_enabling.html
