[candado:pesado] tomado tras 20s
Picked up JAVA_TOOL_OPTIONS: -Xmx700m -XX:MaxMetaspaceSize=320m -XX:+UseSerialGC
> Task :buildSrc:checkKotlinGradlePluginConfigurationErrors SKIPPED
> Task :buildSrc:generateExternalPluginSpecBuilders UP-TO-DATE
> Task :buildSrc:extractPrecompiledScriptPluginPlugins UP-TO-DATE
> Task :buildSrc:compilePluginsBlocks UP-TO-DATE
> Task :buildSrc:generatePrecompiledScriptPluginAccessors UP-TO-DATE
> Task :buildSrc:generateScriptPluginAdapters UP-TO-DATE
> Task :buildSrc:compileKotlin UP-TO-DATE
> Task :buildSrc:compileJava NO-SOURCE
> Task :buildSrc:compileGroovy NO-SOURCE
> Task :buildSrc:pluginDescriptors UP-TO-DATE
> Task :buildSrc:processResources UP-TO-DATE
> Task :buildSrc:classes UP-TO-DATE
> Task :buildSrc:jar UP-TO-DATE
> Task :spotlessInternalRegisterDependencies UP-TO-DATE
> Task :servicios:organizador:spotlessJava
> Task :servicios:organizador:spotlessJavaApply
> Task :servicios:organizador:spotlessKotlinGradle UP-TO-DATE
> Task :servicios:organizador:spotlessKotlinGradleApply UP-TO-DATE
> Task :servicios:organizador:spotlessApply
> Task :plataforma:comun-dominio:compileJava UP-TO-DATE
> Task :plataforma:comun-datos:compileJava UP-TO-DATE
> Task :plataforma:comun-datos:processResources UP-TO-DATE
> Task :plataforma:comun-datos:classes UP-TO-DATE
> Task :plataforma:comun-datos:jar UP-TO-DATE
> Task :plataforma:comun-dominio:processResources NO-SOURCE
> Task :plataforma:comun-dominio:classes UP-TO-DATE
> Task :plataforma:comun-dominio:jar UP-TO-DATE
> Task :plataforma:comun-mensajeria:compileJava UP-TO-DATE
> Task :plataforma:comun-mensajeria:processResources NO-SOURCE
> Task :plataforma:comun-mensajeria:classes UP-TO-DATE
> Task :plataforma:comun-mensajeria:jar UP-TO-DATE
> Task :plataforma:comun-pruebas:compileJava UP-TO-DATE
> Task :plataforma:comun-pruebas:processResources UP-TO-DATE
> Task :plataforma:comun-pruebas:classes UP-TO-DATE
> Task :plataforma:comun-pruebas:jar UP-TO-DATE
> Task :plataforma:comun-web:compileJava UP-TO-DATE
> Task :plataforma:comun-web:erroresCatalogo UP-TO-DATE
> Task :plataforma:comun-web:processResources UP-TO-DATE
> Task :plataforma:comun-web:classes UP-TO-DATE
> Task :plataforma:comun-web:jar UP-TO-DATE
> Task :plataforma:comun-web:compileTestFixturesJava UP-TO-DATE
> Task :plataforma:comun-web:processTestFixturesResources NO-SOURCE
> Task :plataforma:comun-web:testFixturesClasses UP-TO-DATE
> Task :plataforma:comun-web:testFixturesJar UP-TO-DATE
> Task :servicios:organizador:generarServidorOpenApi UP-TO-DATE
> Task :servicios:organizador:generateJooq UP-TO-DATE
> Task :servicios:organizador:compileJava UP-TO-DATE
> Task :servicios:organizador:processResources UP-TO-DATE
> Task :servicios:organizador:classes UP-TO-DATE
> Task :servicios:organizador:compileTestJava
> Task :servicios:organizador:processTestResources UP-TO-DATE
> Task :servicios:organizador:testClasses

> Task :servicios:organizador:webTest
Picked up JAVA_TOOL_OPTIONS: -Xmx700m -XX:MaxMetaspaceSize=320m -XX:+UseSerialGC

HabilitacionBandejaWebTest > 400: un límite fuera del contrato o un estado inventado no llegan al caso de uso FAILED
    java.lang.AssertionError: Status expected:<400> but was:<200>
        at org.springframework.test.util.AssertionErrors.fail(AssertionErrors.java:61)
        at org.springframework.test.util.AssertionErrors.assertEquals(AssertionErrors.java:128)
        at org.springframework.test.web.servlet.result.StatusResultMatchers.lambda$matcher$9(StatusResultMatchers.java:640)
        at org.springframework.test.web.servlet.MockMvc$1.andExpect(MockMvc.java:214)
        at bo.aportaya.organizador.web.HabilitacionBandejaWebTest.entradaFueraDelContrato(HabilitacionBandejaWebTest.java:133)

35 tests completed, 1 failed

> Task :servicios:organizador:webTest FAILED

> Task :servicios:organizador:testBarrido
Picked up JAVA_TOOL_OPTIONS: -Xmx700m -XX:MaxMetaspaceSize=320m -XX:+UseSerialGC

FAILURE: Build failed with an exception.

* What went wrong:
Execution failed for task ':servicios:organizador:webTest'.
> There were failing tests. See the report at: file:///C:/Users/Usuario/Downloads/Entrypoint-GitHUb/Pasanaku/PasanakuBackend/servicios/organizador/build/reports/tests/webTest/index.html

* Try:
> Run with --scan to get full insights from a Build Scan (powered by Develocity).

BUILD FAILED in 14s
38 actionable tasks: 5 executed, 33 up-to-date
