Picked up JAVA_TOOL_OPTIONS: -Xmx1g -XX:+UseSerialGC
Starting a Gradle Daemon, 13 stopped Daemons could not be reused, use --status for details
> Task :buildSrc:checkKotlinGradlePluginConfigurationErrors SKIPPED
> Task :buildSrc:generateExternalPluginSpecBuilders UP-TO-DATE
> Task :buildSrc:extractPrecompiledScriptPluginPlugins UP-TO-DATE
> Task :buildSrc:compilePluginsBlocks UP-TO-DATE
> Task :buildSrc:generatePrecompiledScriptPluginAccessors UP-TO-DATE
> Task :buildSrc:generateScriptPluginAdapters UP-TO-DATE
> Task :buildSrc:compileKotlin UP-TO-DATE
> Task :buildSrc:compileJava NO-SOURCE
> Task :buildSrc:compileGroovy NO-SOURCE
> Task :buildSrc:pluginDescriptors UP-TO-DATE
> Task :buildSrc:processResources UP-TO-DATE
> Task :buildSrc:classes UP-TO-DATE
> Task :buildSrc:jar UP-TO-DATE
> Task :spotlessInternalRegisterDependencies UP-TO-DATE
> Task :servicios:grupos:spotlessJava
> Task :servicios:grupos:spotlessJavaApply
> Task :servicios:grupos:spotlessKotlinGradle UP-TO-DATE
> Task :servicios:grupos:spotlessKotlinGradleApply UP-TO-DATE
> Task :servicios:grupos:spotlessApply
> Task :servicios:organizador:spotlessJava UP-TO-DATE
> Task :servicios:organizador:spotlessJavaApply UP-TO-DATE
> Task :servicios:organizador:spotlessKotlinGradle UP-TO-DATE
> Task :servicios:organizador:spotlessKotlinGradleApply UP-TO-DATE
> Task :servicios:organizador:spotlessApply UP-TO-DATE
> Task :plataforma:comun-dominio:compileJava UP-TO-DATE
> Task :plataforma:comun-datos:compileJava UP-TO-DATE
> Task :plataforma:comun-datos:processResources UP-TO-DATE
> Task :plataforma:comun-datos:classes UP-TO-DATE
> Task :plataforma:comun-datos:jar UP-TO-DATE
> Task :plataforma:comun-dominio:processResources NO-SOURCE
> Task :plataforma:comun-dominio:classes UP-TO-DATE
> Task :plataforma:comun-dominio:jar UP-TO-DATE
> Task :plataforma:comun-mensajeria:compileJava UP-TO-DATE
> Task :plataforma:comun-mensajeria:processResources NO-SOURCE
> Task :plataforma:comun-mensajeria:classes UP-TO-DATE
> Task :plataforma:comun-mensajeria:jar UP-TO-DATE
> Task :plataforma:comun-pruebas:compileJava UP-TO-DATE
> Task :plataforma:comun-pruebas:processResources UP-TO-DATE
> Task :plataforma:comun-pruebas:classes UP-TO-DATE
> Task :plataforma:comun-pruebas:jar UP-TO-DATE
> Task :plataforma:comun-web:compileJava UP-TO-DATE
> Task :plataforma:comun-web:erroresCatalogo UP-TO-DATE
> Task :plataforma:comun-web:processResources UP-TO-DATE
> Task :plataforma:comun-web:classes UP-TO-DATE
> Task :plataforma:comun-web:jar UP-TO-DATE
> Task :plataforma:comun-web:compileTestFixturesJava UP-TO-DATE
> Task :plataforma:comun-web:processTestFixturesResources NO-SOURCE
> Task :plataforma:comun-web:testFixturesClasses UP-TO-DATE
> Task :plataforma:comun-web:testFixturesJar UP-TO-DATE
> Task :servicios:grupos:generarServidorOpenApi UP-TO-DATE
> Task :servicios:grupos:generateJooq UP-TO-DATE
> Task :servicios:grupos:compileJava
> Task :servicios:grupos:processResources UP-TO-DATE
> Task :servicios:grupos:classes
> Task :servicios:grupos:compileTestJava
> Task :servicios:grupos:processTestResources UP-TO-DATE
> Task :servicios:grupos:testClasses

> Task :servicios:grupos:test
Picked up JAVA_TOOL_OPTIONS: -Xmx1g -XX:+UseSerialGC

> Task :servicios:grupos:webTest
Picked up JAVA_TOOL_OPTIONS: -Xmx1g -XX:+UseSerialGC

> Task :servicios:grupos:integrationTest
Picked up JAVA_TOOL_OPTIONS: -Xmx1g -XX:+UseSerialGC

2026-10-08T15:34:47.289-04:00  INFO 21000 --- [grupos] [ionShutdownHook] [                                                 ] o.s.b.w.e.tomcat.GracefulShutdown        : Commencing graceful shutdown. Waiting for active requests to complete
2026-10-08T15:34:47.295-04:00  INFO 21000 --- [grupos] [tomcat-shutdown] [                                                 ] o.s.b.w.e.tomcat.GracefulShutdown        : Graceful shutdown complete
2026-10-08T15:34:47.481-04:00  INFO 21000 --- [grupos] [ionShutdownHook] [                                                 ] com.zaxxer.hikari.HikariDataSource       : HikariPool-1 - Shutdown initiated...
2026-10-08T15:34:47.484-04:00  INFO 21000 --- [grupos] [ionShutdownHook] [                                                 ] com.zaxxer.hikari.HikariDataSource       : HikariPool-1 - Shutdown completed.

> Task :servicios:grupos:testBarrido
Picked up JAVA_TOOL_OPTIONS: -Xmx1g -XX:+UseSerialGC

> Task :servicios:organizador:generarServidorOpenApi UP-TO-DATE
> Task :servicios:organizador:generateJooq UP-TO-DATE
> Task :servicios:organizador:compileJava UP-TO-DATE
> Task :servicios:organizador:processResources UP-TO-DATE
> Task :servicios:organizador:classes UP-TO-DATE
> Task :servicios:organizador:compileTestJava UP-TO-DATE
> Task :servicios:organizador:processTestResources UP-TO-DATE
> Task :servicios:organizador:testClasses UP-TO-DATE

> Task :servicios:organizador:test
Picked up JAVA_TOOL_OPTIONS: -Xmx1g -XX:+UseSerialGC

> Task :servicios:organizador:webTest
Picked up JAVA_TOOL_OPTIONS: -Xmx1g -XX:+UseSerialGC

> Task :servicios:organizador:integrationTest
Picked up JAVA_TOOL_OPTIONS: -Xmx1g -XX:+UseSerialGC

2026-10-08T15:35:45.230-04:00  INFO 26916 --- [organizador] [ionShutdownHook] [                                                 ] o.s.b.w.e.tomcat.GracefulShutdown        : Commencing graceful shutdown. Waiting for active requests to complete
2026-10-08T15:35:45.241-04:00  INFO 26916 --- [organizador] [tomcat-shutdown] [                                                 ] o.s.b.w.e.tomcat.GracefulShutdown        : Graceful shutdown complete
2026-10-08T15:35:45.471-04:00  INFO 26916 --- [organizador] [ionShutdownHook] [                                                 ] com.zaxxer.hikari.HikariDataSource       : HikariPool-1 - Shutdown initiated...
2026-10-08T15:35:45.472-04:00  INFO 26916 --- [organizador] [ionShutdownHook] [                                                 ] com.zaxxer.hikari.HikariDataSource       : HikariPool-1 - Shutdown completed.

> Task :servicios:organizador:testBarrido
Picked up JAVA_TOOL_OPTIONS: -Xmx1g -XX:+UseSerialGC

BUILD SUCCESSFUL in 2m 15s
54 actionable tasks: 12 executed, 42 up-to-date
Consider enabling configuration cache to speed up this build: https://docs.gradle.org/9.7.1/userguide/configuration_cache_enabling.html
