Picked up JAVA_TOOL_OPTIONS: -Xmx1g -XX:+UseSerialGC
Starting a Gradle Daemon, 9 stopped Daemons could not be reused, use --status for details
> Task :buildSrc:checkKotlinGradlePluginConfigurationErrors SKIPPED
> Task :buildSrc:generateExternalPluginSpecBuilders UP-TO-DATE
> Task :buildSrc:extractPrecompiledScriptPluginPlugins UP-TO-DATE
> Task :buildSrc:compilePluginsBlocks UP-TO-DATE
> Task :buildSrc:generatePrecompiledScriptPluginAccessors UP-TO-DATE
> Task :buildSrc:generateScriptPluginAdapters UP-TO-DATE
> Task :buildSrc:compileKotlin UP-TO-DATE
> Task :buildSrc:compileJava NO-SOURCE
> Task :buildSrc:compileGroovy NO-SOURCE
> Task :buildSrc:pluginDescriptors UP-TO-DATE
> Task :buildSrc:processResources UP-TO-DATE
> Task :buildSrc:classes UP-TO-DATE
> Task :buildSrc:jar UP-TO-DATE
> Task :spotlessInternalRegisterDependencies UP-TO-DATE
> Task :servicios:grupos:spotlessJava
> Task :servicios:grupos:spotlessJavaApply
> Task :servicios:grupos:spotlessKotlinGradle UP-TO-DATE
> Task :servicios:grupos:spotlessKotlinGradleApply UP-TO-DATE
> Task :servicios:grupos:spotlessApply
> Task :plataforma:comun-dominio:compileJava UP-TO-DATE
> Task :plataforma:comun-datos:compileJava UP-TO-DATE
> Task :plataforma:comun-datos:processResources UP-TO-DATE
> Task :plataforma:comun-datos:classes UP-TO-DATE
> Task :plataforma:comun-datos:jar UP-TO-DATE
> Task :plataforma:comun-dominio:processResources NO-SOURCE
> Task :plataforma:comun-dominio:classes UP-TO-DATE
> Task :plataforma:comun-dominio:jar UP-TO-DATE
> Task :plataforma:comun-mensajeria:compileJava UP-TO-DATE
> Task :plataforma:comun-mensajeria:processResources NO-SOURCE
> Task :plataforma:comun-mensajeria:classes UP-TO-DATE
> Task :plataforma:comun-mensajeria:jar UP-TO-DATE
> Task :plataforma:comun-pruebas:compileJava UP-TO-DATE
> Task :plataforma:comun-pruebas:processResources UP-TO-DATE
> Task :plataforma:comun-pruebas:classes UP-TO-DATE
> Task :plataforma:comun-pruebas:jar UP-TO-DATE
> Task :plataforma:comun-web:compileJava UP-TO-DATE
> Task :plataforma:comun-web:erroresCatalogo UP-TO-DATE
> Task :plataforma:comun-web:processResources UP-TO-DATE
> Task :plataforma:comun-web:classes UP-TO-DATE
> Task :plataforma:comun-web:jar UP-TO-DATE
> Task :plataforma:comun-web:compileTestFixturesJava UP-TO-DATE
> Task :plataforma:comun-web:processTestFixturesResources NO-SOURCE
> Task :plataforma:comun-web:testFixturesClasses UP-TO-DATE
> Task :plataforma:comun-web:testFixturesJar UP-TO-DATE
> Task :servicios:grupos:generarServidorOpenApi UP-TO-DATE
> Task :servicios:grupos:generateJooq UP-TO-DATE
> Task :servicios:grupos:compileJava UP-TO-DATE
> Task :servicios:grupos:processResources UP-TO-DATE
> Task :servicios:grupos:classes UP-TO-DATE
> Task :servicios:grupos:compileTestJava
> Task :servicios:grupos:processTestResources UP-TO-DATE
> Task :servicios:grupos:testClasses

> Task :servicios:grupos:test
Picked up JAVA_TOOL_OPTIONS: -Xmx1g -XX:+UseSerialGC

ArquitecturaTest > laWebNoTieneReglas FAILED
    java.lang.AssertionError: Architecture Violation [Priority: MEDIUM] - Rule 'no classes that reside in a package '..web..' should depend on classes that reside in a package '..infraestructura..'' was violated (9 times):
    Method <bo.aportaya.grupos.web.AdmisionDelGrupo.sustituir(java.util.UUID, java.util.UUID, bo.aportaya.grupos.web.generado.modelo.EntradaSustitucionAdministrador, bo.aportaya.plataforma.dominio.ContextoSesion)> calls method <bo.aportaya.grupos.infraestructura.SustitucionRepositorio$Sustitucion.entranteParticipanteId()> in (AdmisionDelGrupo.java:50)
    Method <bo.aportaya.grupos.web.AdmisionDelGrupo.sustituir(java.util.UUID, java.util.UUID, bo.aportaya.grupos.web.generado.modelo.EntradaSustitucionAdministrador, bo.aportaya.plataforma.dominio.ContextoSesion)> calls method <bo.aportaya.grupos.infraestructura.SustitucionRepositorio$Sustitucion.grupoId()> in (AdmisionDelGrupo.java:48)
    Method <bo.aportaya.grupos.web.AdmisionDelGrupo.sustituir(java.util.UUID, java.util.UUID, bo.aportaya.grupos.web.generado.modelo.EntradaSustitucionAdministrador, bo.aportaya.plataforma.dominio.ContextoSesion)> calls method <bo.aportaya.grupos.infraestructura.SustitucionRepositorio$Sustitucion.id()> in (AdmisionDelGrupo.java:47)
    Method <bo.aportaya.grupos.web.AdmisionDelGrupo.sustituir(java.util.UUID, java.util.UUID, bo.aportaya.grupos.web.generado.modelo.EntradaSustitucionAdministrador, bo.aportaya.plataforma.dominio.ContextoSesion)> calls method <bo.aportaya.grupos.infraestructura.SustitucionRepositorio$Sustitucion.motivo()> in (AdmisionDelGrupo.java:51)
    Method <bo.aportaya.grupos.web.AdmisionDelGrupo.sustituir(java.util.UUID, java.util.UUID, bo.aportaya.grupos.web.generado.modelo.EntradaSustitucionAdministrador, bo.aportaya.plataforma.dominio.ContextoSesion)> calls method <bo.aportaya.grupos.infraestructura.SustitucionRepositorio$Sustitucion.obligacionesConservadas()> in (AdmisionDelGrupo.java:52)
    Method <bo.aportaya.grupos.web.AdmisionDelGrupo.sustituir(java.util.UUID, java.util.UUID, bo.aportaya.grupos.web.generado.modelo.EntradaSustitucionAdministrador, bo.aportaya.plataforma.dominio.ContextoSesion)> calls method <bo.aportaya.grupos.infraestructura.SustitucionRepositorio$Sustitucion.ocurridaEn()> in (AdmisionDelGrupo.java:53)
    Method <bo.aportaya.grupos.web.AdmisionDelGrupo.sustituir(java.util.UUID, java.util.UUID, bo.aportaya.grupos.web.generado.modelo.EntradaSustitucionAdministrador, bo.aportaya.plataforma.dominio.ContextoSesion)> calls method <bo.aportaya.grupos.infraestructura.SustitucionRepositorio$Sustitucion.salienteParticipanteId()> in (AdmisionDelGrupo.java:49)
    Method <bo.aportaya.grupos.web.AdmisionDelGrupoSustitucionTest.entranteHabilitadoDelegaYDevuelveElRegistro()> calls constructor <bo.aportaya.grupos.infraestructura.SustitucionRepositorio$Sustitucion.<init>(java.util.UUID, java.util.UUID, java.util.UUID, java.util.UUID, java.util.UUID, java.lang.String, java.util.UUID, java.lang.String, java.time.OffsetDateTime, java.util.UUID)> in (AdmisionDelGrupoSustitucionTest.java:65)
    Method <bo.aportaya.grupos.web.AdmisionDelGrupoSustitucionTest.entranteHabilitadoDelegaYDevuelveElRegistro()> calls method <bo.aportaya.grupos.infraestructura.SustitucionRepositorio$Sustitucion.id()> in (AdmisionDelGrupoSustitucionTest.java:70)
        at com.tngtech.archunit.lang.ArchRule$Assertions.assertNoViolation(ArchRule.java:94)
        at com.tngtech.archunit.lang.ArchRule$Assertions.check(ArchRule.java:86)
        at com.tngtech.archunit.lang.ArchRule$Factory$SimpleArchRule.check(ArchRule.java:165)
        at com.tngtech.archunit.lang.syntax.ObjectsShouldInternal.check(ObjectsShouldInternal.java:81)
        at com.tngtech.archunit.junit.internal.ArchUnitTestDescriptor$ArchUnitRuleDescriptor.execute(ArchUnitTestDescriptor.java:168)
        at com.tngtech.archunit.junit.internal.ArchUnitTestDescriptor$ArchUnitRuleDescriptor.execute(ArchUnitTestDescriptor.java:151)
        at java.base/java.util.ArrayList.forEach(Unknown Source)
        at java.base/java.util.ArrayList.forEach(Unknown Source)

13 tests completed, 1 failed

> Task :servicios:grupos:test FAILED

> Task :servicios:grupos:webTest
Picked up JAVA_TOOL_OPTIONS: -Xmx1g -XX:+UseSerialGC

> Task :servicios:grupos:integrationTest
Picked up JAVA_TOOL_OPTIONS: -Xmx1g -XX:+UseSerialGC

CU68SustitucionTest > reintentarConLaMismaClaveDevuelveLaOriginalSinDuplicarNiEmitirDeNuevo() FAILED
    org.opentest4j.AssertionFailedError: 
    expected: Sustitucion[id=b3d46b5f-6543-44ce-bb50-d9545bdd9652, grupoId=e433ad7d-dda8-4292-b986-89c9f0e86583, salienteParticipanteId=17b24ac8-8f37-4ff7-9085-c98a2eb65801, entranteParticipanteId=8cd87319-948a-42de-a218-bb1d95e9a06f, clave=7e312d86-8cc1-4d58-8dfd-4b1888306740, motivo=Habilitación revocada por incumplimiento documentado, actorId=84d7ef57-6850-4070-9b54-2928eeae84b0, obligacionesConservadas=participante=17b24ac8-8f37-4ff7-9085-c98a2eb65801;estado=ACTIVO;aportesRealizados=0;aportesEnMora=0;cupos=3:OCUPADO, ocurridaEn=2026-10-08T19:26:02.991074Z, correlacionId=6dd16892-c7ba-488c-a28b-1b5ed73b100a]
     but was: Sustitucion[id=b3d46b5f-6543-44ce-bb50-d9545bdd9652, grupoId=e433ad7d-dda8-4292-b986-89c9f0e86583, salienteParticipanteId=17b24ac8-8f37-4ff7-9085-c98a2eb65801, entranteParticipanteId=8cd87319-948a-42de-a218-bb1d95e9a06f, clave=7e312d86-8cc1-4d58-8dfd-4b1888306740, motivo=Habilitación revocada por incumplimiento documentado, actorId=84d7ef57-6850-4070-9b54-2928eeae84b0, obligacionesConservadas=participante=17b24ac8-8f37-4ff7-9085-c98a2eb65801;estado=ACTIVO;aportesRealizados=0;aportesEnMora=0;cupos=3:OCUPADO, ocurridaEn=2026-10-08T15:26:02.991074-04:00, correlacionId=6dd16892-c7ba-488c-a28b-1b5ed73b100a]
        at app//bo.aportaya.grupos.CU68SustitucionTest.reintentarConLaMismaClaveDevuelveLaOriginalSinDuplicarNiEmitirDeNuevo(CU68SustitucionTest.java:82)

2026-10-08T15:26:10.303-04:00  INFO 14524 --- [grupos] [ionShutdownHook] [                                                 ] o.s.b.w.e.tomcat.GracefulShutdown        : Commencing graceful shutdown. Waiting for active requests to complete
2026-10-08T15:26:10.309-04:00  INFO 14524 --- [grupos] [tomcat-shutdown] [                                                 ] o.s.b.w.e.tomcat.GracefulShutdown        : Graceful shutdown complete
2026-10-08T15:26:10.472-04:00  INFO 14524 --- [grupos] [ionShutdownHook] [                                                 ] com.zaxxer.hikari.HikariDataSource       : HikariPool-1 - Shutdown initiated...
2026-10-08T15:26:10.474-04:00  INFO 14524 --- [grupos] [ionShutdownHook] [                                                 ] com.zaxxer.hikari.HikariDataSource       : HikariPool-1 - Shutdown completed.

> Task :servicios:grupos:integrationTest FAILED

159 tests completed, 1 failed

> Task :servicios:grupos:testBarrido
Picked up JAVA_TOOL_OPTIONS: -Xmx1g -XX:+UseSerialGC

FAILURE: Build completed with 2 failures.

1: Task failed with an exception.
-----------
* What went wrong:
Execution failed for task ':servicios:grupos:test'.
> There were failing tests. See the report at: file:///C:/Users/Usuario/Downloads/Entrypoint-GitHUb/Pasanaku/PasanakuBackend/servicios/grupos/build/reports/tests/test/index.html

* Try:
> Run with --scan to get full insights from a Build Scan (powered by Develocity).
==============================================================================

2: Task failed with an exception.
-----------
* What went wrong:
Execution failed for task ':servicios:grupos:integrationTest'.
> There were failing tests. See the report at: file:///C:/Users/Usuario/Downloads/Entrypoint-GitHUb/Pasanaku/PasanakuBackend/servicios/grupos/build/reports/tests/integrationTest/index.html

* Try:
> Run with --scan to get full insights from a Build Scan (powered by Develocity).
==============================================================================

BUILD FAILED in 1m 12s
40 actionable tasks: 7 executed, 33 up-to-date
