# identidad - resumen de runners (carril B)
== integrationTest
CU02NivelKycTest                              tests=3 fallos=0 errores=0 omitidos=0 2026-10-08T16:03:30.007Z
CU69AuditoriaDeIntentosTest                   tests=4 fallos=0 errores=0 omitidos=0 2026-10-08T16:03:51.747Z
CU69EmisionYAuditoriaTest                     tests=4 fallos=0 errores=0 omitidos=0 2026-10-08T16:03:54.498Z
CU69TokenInvitacionTest                       tests=9 fallos=0 errores=0 omitidos=0 2026-10-08T16:03:55.857Z
TOTAL tests=20 fallos=0 errores=0 omitidos=0
== webTest
JwksControllerWebTest                         tests=2 fallos=0 errores=0 omitidos=0 2026-10-08T16:04:01.112Z
SeguridadWebTest                              tests=6 fallos=0 errores=0 omitidos=0 2026-10-08T16:04:10.546Z
SesionesControllerWebTest                     tests=12 fallos=0 errores=0 omitidos=0 2026-10-08T16:04:12.280Z
POST /usuarios — el alta, que es publica      tests=8 fallos=0 errores=0 omitidos=0 2026-10-08T16:04:14.343Z
Las consultas sensibles contestan si, o no — nunca el dato tests=5 fallos=0 errores=0 omitidos=0 2026-10-08T16:04:14.188Z
UsuariosControllerWebTest                     tests=1 fallos=0 errores=0 omitidos=0 2026-10-08T16:04:13.475Z
UsuariosInvitacionesKycWebTest                tests=6 fallos=0 errores=0 omitidos=0 2026-10-08T16:04:14.615Z
UsuariosVerificacionCorreoWebTest             tests=3 fallos=0 errores=0 omitidos=0 2026-10-08T16:04:14.736Z
GET /identidad/verificaciones — la cola del operador tests=3 fallos=0 errores=0 omitidos=0 2026-10-08T16:04:15.521Z
GET /identidad/verificaciones/{id}/fotos/{cara}/contenido — los bytes tests=3 fallos=0 errores=0 omitidos=0 2026-10-08T16:04:15.393Z
POST /identidad/verificaciones/{id}/decision — aprobar o rechazar tests=3 fallos=0 errores=0 omitidos=0 2026-10-08T16:04:14.831Z
GET /identidad/verificaciones/{id}/fotos/{cara} — la cedula tests=3 fallos=0 errores=0 omitidos=0 2026-10-08T16:04:15.449Z
TOTAL tests=55 fallos=0 errores=0 omitidos=0
== testBarrido
BarridoTest                                   tests=2 fallos=0 errores=0 omitidos=0 2026-10-08T16:04:19.162Z
TOTAL tests=2 fallos=0 errores=0 omitidos=0
