To honour the JVM settings for this build a single-use Daemon process will be forked. For more on this, please refer to https://docs.gradle.org/9.7.1/userguide/gradle_daemon.html#sec:disabling_the_daemon in the Gradle documentation.
Daemon will be stopped at the end of the build 
> Task :buildSrc:checkKotlinGradlePluginConfigurationErrors SKIPPED
> Task :buildSrc:generateExternalPluginSpecBuilders UP-TO-DATE
> Task :buildSrc:extractPrecompiledScriptPluginPlugins UP-TO-DATE
> Task :buildSrc:compilePluginsBlocks UP-TO-DATE
> Task :buildSrc:generatePrecompiledScriptPluginAccessors UP-TO-DATE
> Task :buildSrc:generateScriptPluginAdapters UP-TO-DATE
> Task :buildSrc:compileKotlin UP-TO-DATE
> Task :buildSrc:compileJava NO-SOURCE
> Task :buildSrc:compileGroovy NO-SOURCE
> Task :buildSrc:pluginDescriptors UP-TO-DATE
> Task :buildSrc:processResources UP-TO-DATE
> Task :buildSrc:classes UP-TO-DATE
> Task :buildSrc:jar UP-TO-DATE
> Task :plataforma:comun-mensajeria:processResources NO-SOURCE
> Task :spotlessInternalRegisterDependencies UP-TO-DATE
> Task :plataforma:comun-pruebas:processResources UP-TO-DATE
> Task :plataforma:comun-web:erroresCatalogo UP-TO-DATE
> Task :plataforma:comun-datos:processResources UP-TO-DATE
> Task :servicios:inversiones:generarServidorOpenApi UP-TO-DATE
> Task :plataforma:comun-web:processResources UP-TO-DATE
> Task :plataforma:comun-web:processTestFixturesResources NO-SOURCE
> Task :plataforma:comun-dominio:compileJava UP-TO-DATE
> Task :plataforma:comun-dominio:processResources NO-SOURCE
> Task :plataforma:comun-dominio:classes UP-TO-DATE
> Task :plataforma:comun-dominio:jar UP-TO-DATE
> Task :plataforma:comun-datos:compileJava UP-TO-DATE
> Task :plataforma:comun-datos:classes UP-TO-DATE
> Task :plataforma:comun-datos:jar UP-TO-DATE
> Task :plataforma:comun-pruebas:compileJava UP-TO-DATE
> Task :plataforma:comun-pruebas:classes UP-TO-DATE
> Task :plataforma:comun-pruebas:jar UP-TO-DATE
> Task :plataforma:comun-mensajeria:compileJava UP-TO-DATE
> Task :plataforma:comun-mensajeria:classes UP-TO-DATE
> Task :plataforma:comun-mensajeria:jar UP-TO-DATE
> Task :plataforma:comun-web:compileJava UP-TO-DATE
> Task :plataforma:comun-web:classes UP-TO-DATE
> Task :plataforma:comun-web:jar UP-TO-DATE
> Task :plataforma:comun-web:compileTestFixturesJava UP-TO-DATE
> Task :plataforma:comun-web:testFixturesClasses UP-TO-DATE
> Task :plataforma:comun-web:testFixturesJar UP-TO-DATE
> Task :servicios:inversiones:spotlessJava
> Task :servicios:inversiones:spotlessJavaApply
> Task :servicios:inversiones:spotlessKotlinGradle UP-TO-DATE
> Task :servicios:inversiones:spotlessKotlinGradleApply UP-TO-DATE
> Task :servicios:inversiones:spotlessApply
> Task :servicios:inversiones:generateJooq UP-TO-DATE
> Task :servicios:inversiones:compileJava
> Task :servicios:inversiones:processResources UP-TO-DATE
> Task :servicios:inversiones:classes
> Task :servicios:inversiones:compileTestJava
> Task :servicios:inversiones:processTestResources UP-TO-DATE
> Task :servicios:inversiones:testClasses
> Task :servicios:inversiones:test

> Task :servicios:inversiones:integrationTest

CU120Test > La base rechaza un dato sintetico marcado apto para produccion (R-INV-01) FAILED
    java.lang.AssertionError: 
    Expecting actual:
      "ERROR: smallint out of range"
    to contain:
      "ck_version_condiciones_sintetico" 
        at bo.aportaya.inversiones.CU120Test.baseRechazaSinteticoAptoParaProduccion(CU120Test.java:138)

29 tests completed, 1 failed

> Task :servicios:inversiones:integrationTest FAILED

FAILURE: Build failed with an exception.

* What went wrong:
Execution failed for task ':servicios:inversiones:integrationTest'.
> There were failing tests. See the report at: file:///C:/Users/Usuario/Downloads/Entrypoint-GitHUb/Pasanaku/PasanakuBackend/servicios/inversiones/build/reports/tests/integrationTest/index.html

* Try:
> Run with --scan to get full insights from a Build Scan (powered by Develocity).

BUILD FAILED in 42s
38 actionable tasks: 6 executed, 32 up-to-date
