To honour the JVM settings for this build a single-use Daemon process will be forked. For more on this, please refer to https://docs.gradle.org/9.7.1/userguide/gradle_daemon.html#sec:disabling_the_daemon in the Gradle documentation.
Daemon will be stopped at the end of the build 
> Task :buildSrc:checkKotlinGradlePluginConfigurationErrors SKIPPED
> Task :buildSrc:generateExternalPluginSpecBuilders UP-TO-DATE
> Task :buildSrc:extractPrecompiledScriptPluginPlugins UP-TO-DATE
> Task :buildSrc:compilePluginsBlocks UP-TO-DATE
> Task :buildSrc:generatePrecompiledScriptPluginAccessors UP-TO-DATE
> Task :buildSrc:generateScriptPluginAdapters UP-TO-DATE
> Task :buildSrc:compileKotlin UP-TO-DATE
> Task :buildSrc:compileJava NO-SOURCE
> Task :buildSrc:compileGroovy NO-SOURCE
> Task :buildSrc:pluginDescriptors UP-TO-DATE
> Task :buildSrc:processResources UP-TO-DATE
> Task :buildSrc:classes UP-TO-DATE
> Task :buildSrc:jar UP-TO-DATE
> Task :spotlessInternalRegisterDependencies UP-TO-DATE
> Task :plataforma:comun-web:erroresCatalogo UP-TO-DATE
> Task :plataforma:comun-mensajeria:processResources NO-SOURCE
> Task :plataforma:comun-pruebas:processResources UP-TO-DATE
> Task :plataforma:comun-datos:processResources UP-TO-DATE
> Task :plataforma:comun-web:processResources UP-TO-DATE
> Task :servicios:inversiones:generarServidorOpenApi UP-TO-DATE
> Task :plataforma:comun-web:processTestFixturesResources NO-SOURCE
> Task :plataforma:comun-dominio:compileJava UP-TO-DATE
> Task :plataforma:comun-dominio:processResources NO-SOURCE
> Task :plataforma:comun-dominio:classes UP-TO-DATE
> Task :plataforma:comun-dominio:jar UP-TO-DATE
> Task :plataforma:comun-datos:compileJava UP-TO-DATE
> Task :plataforma:comun-datos:classes UP-TO-DATE
> Task :plataforma:comun-datos:jar UP-TO-DATE
> Task :plataforma:comun-pruebas:compileJava UP-TO-DATE
> Task :plataforma:comun-pruebas:classes UP-TO-DATE
> Task :plataforma:comun-mensajeria:compileJava UP-TO-DATE
> Task :plataforma:comun-mensajeria:classes UP-TO-DATE
> Task :plataforma:comun-pruebas:jar UP-TO-DATE
> Task :plataforma:comun-mensajeria:jar UP-TO-DATE
> Task :plataforma:comun-web:compileJava UP-TO-DATE
> Task :plataforma:comun-web:classes UP-TO-DATE
> Task :plataforma:comun-web:jar UP-TO-DATE
> Task :plataforma:comun-web:compileTestFixturesJava UP-TO-DATE
> Task :plataforma:comun-web:testFixturesClasses UP-TO-DATE
> Task :plataforma:comun-web:testFixturesJar UP-TO-DATE
> Task :servicios:inversiones:spotlessJava
> Task :servicios:inversiones:spotlessJavaApply
> Task :servicios:inversiones:spotlessKotlinGradle UP-TO-DATE
> Task :servicios:inversiones:spotlessKotlinGradleApply UP-TO-DATE
> Task :servicios:inversiones:spotlessApply
> Task :servicios:inversiones:generateJooq UP-TO-DATE
> Task :servicios:inversiones:compileJava
> Task :servicios:inversiones:processResources UP-TO-DATE
> Task :servicios:inversiones:classes
> Task :servicios:inversiones:compileTestJava
> Task :servicios:inversiones:processTestResources UP-TO-DATE
> Task :servicios:inversiones:testClasses
> Task :servicios:inversiones:test
> Task :servicios:inversiones:webTest
> Task :servicios:inversiones:integrationTest

2026-10-08T13:25:46.265-04:00  INFO 26880 --- [inversiones] [ionShutdownHook] [                                                 ] o.s.b.w.e.tomcat.GracefulShutdown        : Commencing graceful shutdown. Waiting for active requests to complete
2026-10-08T13:25:46.269-04:00  INFO 26880 --- [inversiones] [tomcat-shutdown] [                                                 ] o.s.b.w.e.tomcat.GracefulShutdown        : Graceful shutdown complete
2026-10-08T13:25:46.271-04:00  INFO 26880 --- [inversiones] [ionShutdownHook] [                                                 ] com.zaxxer.hikari.HikariDataSource       : HikariPool-1 - Shutdown initiated...
2026-10-08T13:25:46.272-04:00  INFO 26880 --- [inversiones] [ionShutdownHook] [                                                 ] com.zaxxer.hikari.HikariDataSource       : HikariPool-1 - Shutdown completed.

> Task :servicios:inversiones:contractTest
> Task :servicios:inversiones:sagaTest

> Task :servicios:inversiones:testBarrido FAILED

BarridoTest > tamano-archivo: ningun archivo llega a 300 lineas FAILED
    java.lang.AssertionError: [tamano-archivo: 300 lineas o mas bloquean — son varias piezas que nadie separo] 
    Expecting empty but was: ["main\java\bo\aportaya\inversiones\aplicacion\CU122ConfirmarPosicion.java  326 lineas (limite 300)",
        "main\java\bo\aportaya\inversiones\aplicacion\CU123Posiciones.java  319 lineas (limite 300)",
        "main\java\bo\aportaya\inversiones\aplicacion\CU125LiquidarRescate.java  358 lineas (limite 300)",
        "main\java\bo\aportaya\inversiones\infraestructura\clientes\AliadoSimuladoHttp.java  322 lineas (limite 300)",
        "test\java\bo\aportaya\inversiones\AliadoDoble.java  340 lineas (limite 300)",
        "test\java\bo\aportaya\inversiones\AliadoSimuladoContratoTest.java  318 lineas (limite 300)",
        "test\java\bo\aportaya\inversiones\CU121Test.java  317 lineas (limite 300)",
        "test\java\bo\aportaya\inversiones\CU124Test.java  355 lineas (limite 300)",
        "test\java\bo\aportaya\inversiones\CU125Test.java  475 lineas (limite 300)",
        "test\java\bo\aportaya\inversiones\web\InversionesControllerWebTest.java  359 lineas (limite 300)"]
        at bo.aportaya.plataforma.pruebas.barrido.Barrido.ningunArchivoBloquea(Barrido.java:46)
        at bo.aportaya.inversiones.BarridoTest.ningunArchivoBloquea(BarridoTest.java:20)

2 tests completed, 1 failed

FAILURE: Build failed with an exception.

* What went wrong:
Execution failed for task ':servicios:inversiones:testBarrido'.
> There were failing tests. See the report at: file:///C:/Users/Usuario/Downloads/Entrypoint-GitHUb/Pasanaku/PasanakuBackend/servicios/inversiones/build/reports/tests/testBarrido/index.html

* Try:
> Run with --scan to get full insights from a Build Scan (powered by Develocity).

BUILD FAILED in 1m 34s
42 actionable tasks: 10 executed, 32 up-to-date
